dev.equo.ide.maven.LaunchTest.help=[
equo-ide:launch
  Description: Launches an Eclipse-based IDE for this project.
  Implementation: dev.equo.ide.maven.LaunchMojo
  Language: java

  Available parameters:

    branding
      (no description available)

    cdt
      (no description available)

    clean (Default: false)
      User property: clean
      Wipes all IDE settings and state before rebuilding and launching.

    debugClasspath (Default: disabled)
      User property: debugClasspath
      Dumps the classpath (in order) without starting the application.

    debugIde (Default: false)
      User property: debugIde
      Blocks IDE startup to help you attach a debugger.

    equoChromium (Default: false)
      User property: equoChromium
      Replaces the standard SWT browser with Equo Chromium.

    filters
      (no description available)

    gradleBuildship
      (no description available)

    groovy
      (no description available)

    initOnly (Default: false)
      User property: initOnly
      Initializes the runtime to check for errors then exits.

    installs
      (no description available)

    jdt
      (no description available)

    kotlin
      (no description available)

    m2e
      (no description available)

    p2repos
      (no description available)

    pde
      (no description available)

    platform
      (no description available)

    rust
      (no description available)

    showConsole (Default: false)
      User property: showConsole
      Adds a visible console to the launched application.

    tmTerminal
      (no description available)

    useAtomos (Default: false)
      User property: useAtomos
      Determines whether to use Solstice's built-in OSGi runtime or instead
      Atomos+Equinox.

    welcome
      (no description available)
.
.
[INFO] ------------------------------------------------------------------------
]