dev.equo.ide.maven.LaunchTest.help=[
equo-ide:launch
  Description: (no description available)
  Implementation: dev.equo.ide.maven.LaunchMojo
  Language: java

  Available parameters:

    branding
      (no description available)

    clean (Default: false)
      User property: clean
      (no description available)

    debugClasspath (Default: disabled)
      User property: debugClasspath
      (no description available)

    filters
      (no description available)

    initOnly (Default: false)
      User property: initOnly
      (no description available)

    installs
      (no description available)

    p2repos
      (no description available)

    showConsole (Default: false)
      User property: showConsole
      (no description available)

    useAtomos (Default: true)
      User property: useAtomos
      (no description available)
.
.
[INFO] ------------------------------------------------------------------------
]