dev.equo.ide.maven.ListTest.argErrorCheck[multi args]=[
Exactly one of -Dinstalled, -Dproblems, -Doptional, -Dall=[categories|features|jars], -Ddetail=id, or -Draw=id must be set.
[ERROR] `mvn help:describe -Dcmd=equo-ide:list -Ddetail` for more info or visit https://github.com/equodev/equo-ide/blob/main/P2_MULTITOOL.md
[ERROR]
]


dev.equo.ide.maven.ListTest.argErrorCheck[no args]=[
Exactly one of -Dinstalled, -Dproblems, -Doptional, -Dall=[categories|features|jars], -Ddetail=id, or -Draw=id must be set.
[ERROR] `mvn help:describe -Dcmd=equo-ide:list -Ddetail` for more info or visit https://github.com/equodev/equo-ide/blob/main/P2_MULTITOOL.md
[ERROR]
]


dev.equo.ide.maven.ListTest.help=[
equo-ide:list
  Description: Lists the p2 dependencies of an Eclipse application.
  Implementation: dev.equo.ide.maven.ListMojo
  Language: java

  Available parameters:

    all
      User property: all
      Lists the id and name of all [categories|features|jars] which meet the
      filter criteria.

    detail
      User property: detail
      Lists properties and requirements for all available versions of the given
      unit id.

    filters
      (no description available)

    format (Default: ASCII)
      User property: format
      Determines output format (can be combined with all other commands).

    installed (Default: false)
      User property: installed
      Lists the jars which were installed.

    installs
      (no description available)

    optional (Default: false)
      User property: optional
      Lists any optional requirements which were not installed.

    p2repos
      (no description available)

    problems (Default: false)
      User property: problems
      Lists any problems with the installed jars.

    raw
      User property: raw
      Lists the raw xml for all available versions of the given unit id.
.
.
[INFO] ------------------------------------------------------------------------
]