dev.equo.ide.maven.MavenCatalogTest.simple[gradleBuildship]=[
+-------------+----------------------------------------------------------------------------------------+
| kind        | value                                                                                  |
+-------------+----------------------------------------------------------------------------------------+
| p2repo      | https://download.eclipse.org/buildship/updates/e423/releases/3.x/3.1.7.v20230428-1420/ |
| p2repo      | https://download.eclipse.org/eclipse/updates/4.27/                                     |
| install     | org.eclipse.buildship.feature.group                                                    |
| install     | org.eclipse.platform.ide.categoryIU                                                    |
| install     | org.eclipse.releng.java.languages.categoryIU                                           |
| filter      | maven-filter-unnamed--1003173200                                                       |
|   osgi.arch | dont-include-platform-specific-artifacts                                               |
|   osgi.os   | dont-include-platform-specific-artifacts                                               |
|   osgi.ws   | dont-include-platform-specific-artifacts                                               |
+-------------+----------------------------------------------------------------------------------------+

[INFO] ------------------------------------------------------------------------
]


dev.equo.ide.maven.MavenCatalogTest.simple[jdt]=[
+-------------+----------------------------------------------------+
| kind        | value                                              |
+-------------+----------------------------------------------------+
| p2repo      | https://download.eclipse.org/eclipse/updates/4.27/ |
| install     | org.eclipse.platform.ide.categoryIU                |
| install     | org.eclipse.releng.java.languages.categoryIU       |
| filter      | maven-filter-unnamed--1003173200                   |
|   osgi.arch | dont-include-platform-specific-artifacts           |
|   osgi.os   | dont-include-platform-specific-artifacts           |
|   osgi.ws   | dont-include-platform-specific-artifacts           |
+-------------+----------------------------------------------------+

[INFO] ------------------------------------------------------------------------
]


dev.equo.ide.maven.MavenCatalogTest.urlOverride=[
+-------------+----------------------------------------------+
| kind        | value                                        |
+-------------+----------------------------------------------+
| p2repo      | http://test.url/                             |
| install     | org.eclipse.platform.ide.categoryIU          |
| install     | org.eclipse.releng.java.languages.categoryIU |
| filter      | maven-filter-unnamed--1003173200             |
|   osgi.arch | dont-include-platform-specific-artifacts     |
|   osgi.os   | dont-include-platform-specific-artifacts     |
|   osgi.ws   | dont-include-platform-specific-artifacts     |
+-------------+----------------------------------------------+

[INFO] ------------------------------------------------------------------------
]


dev.equo.ide.maven.MavenCatalogTest.versionOverride[both-spec]=[
+-------------+----------------------------------------------------+
| kind        | value                                              |
+-------------+----------------------------------------------------+
| p2repo      | https://download.eclipse.org/eclipse/updates/4.25/ |
| install     | org.eclipse.platform.ide.categoryIU                |
| install     | org.eclipse.releng.java.languages.categoryIU       |
| filter      | maven-filter-unnamed--1003173200                   |
|   osgi.arch | dont-include-platform-specific-artifacts           |
|   osgi.os   | dont-include-platform-specific-artifacts           |
|   osgi.ws   | dont-include-platform-specific-artifacts           |
+-------------+----------------------------------------------------+

[INFO] ------------------------------------------------------------------------
]


dev.equo.ide.maven.MavenCatalogTest.versionOverride[jdt-spec]=[
+-------------+----------------------------------------------------+
| kind        | value                                              |
+-------------+----------------------------------------------------+
| p2repo      | https://download.eclipse.org/eclipse/updates/4.25/ |
| install     | org.eclipse.platform.ide.categoryIU                |
| install     | org.eclipse.releng.java.languages.categoryIU       |
| filter      | maven-filter-unnamed--1003173200                   |
|   osgi.arch | dont-include-platform-specific-artifacts           |
|   osgi.os   | dont-include-platform-specific-artifacts           |
|   osgi.ws   | dont-include-platform-specific-artifacts           |
+-------------+----------------------------------------------------+

[INFO] ------------------------------------------------------------------------
]


dev.equo.ide.maven.MavenCatalogTest.versionOverride[platform-neutral-jdt-spec]=[
+-------------+----------------------------------------------------+
| kind        | value                                              |
+-------------+----------------------------------------------------+
| p2repo      | https://download.eclipse.org/eclipse/updates/4.25/ |
| install     | org.eclipse.platform.ide.categoryIU                |
| install     | org.eclipse.releng.java.languages.categoryIU       |
| filter      | maven-filter-unnamed--1003173200                   |
|   osgi.arch | dont-include-platform-specific-artifacts           |
|   osgi.os   | dont-include-platform-specific-artifacts           |
|   osgi.ws   | dont-include-platform-specific-artifacts           |
+-------------+----------------------------------------------------+

[INFO] ------------------------------------------------------------------------
]


dev.equo.ide.maven.MavenCatalogTest.versionOverride[platform-spec]=[
+-------------+----------------------------------------------------+
| kind        | value                                              |
+-------------+----------------------------------------------------+
| p2repo      | https://download.eclipse.org/eclipse/updates/4.25/ |
| install     | org.eclipse.platform.ide.categoryIU                |
| install     | org.eclipse.releng.java.languages.categoryIU       |
| filter      | maven-filter-unnamed--1003173200                   |
|   osgi.arch | dont-include-platform-specific-artifacts           |
|   osgi.os   | dont-include-platform-specific-artifacts           |
|   osgi.ws   | dont-include-platform-specific-artifacts           |
+-------------+----------------------------------------------------+

[INFO] ------------------------------------------------------------------------
]