dev.equo.ide.maven.P2Test.help=[
equo-ide:p2
  Description: Lists the p2 dependencies of an Eclipse application.
  Implementation: dev.equo.ide.maven.P2Mojo
  Language: java

  Available parameters:

    all
      User property: all
      Lists the id and name of all [categories|features|jars] which meet the
      filter criteria.

    detail
      User property: detail
      Lists properties and requirements for all available versions of the given
      unit id.

    filters
      (no description available)

    format (Default: ASCII)
      User property: format
      Determines output format (can be combined with all other commands).

    installed (Default: false)
      User property: installed
      Lists the jars which were installed.

    installs
      (no description available)

    optional (Default: false)
      User property: optional
      Lists any optional requirements which were not installed.

    p2repos
      (no description available)

    problems (Default: false)
      User property: problems
      Lists any problems with the installed jars.

    raw
      User property: raw
      Lists the raw xml for all available versions of the given unit id.
.
.
[INFO] ------------------------------------------------------------------------
]