dev.equo.solstice.p2.CatalogTest.equoChatGptDefault=[
+---------+-------------------------------------------------------------+
| kind    | value                                                       |
+---------+-------------------------------------------------------------+
| p2repo  | https://download.eclipse.org/eclipse/updates/4.28/          |
| install | org.eclipse.platform.ide.categoryIU                         |
| maven   | com.equo:com.equo.chromium.cef.cocoa.macosx.aarch64:106.0.9 |
| maven   | com.equo:com.equo.chromium:106.0.9                          |
| maven   | dev.equo.ide:equo-ide-chatgpt:0.1.0                         |
+---------+-------------------------------------------------------------+

]


dev.equo.solstice.p2.CatalogTest.equoChatGptFixed=[
+---------+-----------------------------------------------------------+
| kind    | value                                                     |
+---------+-----------------------------------------------------------+
| p2repo  | https://download.eclipse.org/eclipse/updates/4.28/        |
| install | org.eclipse.platform.ide.categoryIU                       |
| maven   | com.equo:com.equo.chromium.cef.cocoa.macosx.aarch64:1.0.0 |
| maven   | com.equo:com.equo.chromium:1.0.0                          |
| maven   | dev.equo.ide:equo-ide-chatgpt:1.0.0                       |
+---------+-----------------------------------------------------------+

]