dev.equo.solstice.p2.ConsoleTableTest.detail=[
+-----------------------------------------+--------------------------------------------------------------------------+
| key                                     | value                                                                    |
+-----------------------------------------+--------------------------------------------------------------------------+
| id                                      | org.eclipse.ecf.filetransfer.httpclient5.feature.feature.jar             |
| version                                 | 1.1.600.v20220215-0126                                                   |
| maven coordinate                        | org.eclipse.ecf:org.eclipse.ecf.filetransfer.httpclient5.feature:1.1.600 |
| maven repo                              | mavenCentral?                                                            |
| filter                                  | (org.eclipse.update.install.features=true)                               |
| prop maven-artifactId                   | org.eclipse.ecf.filetransfer.httpclient5.feature                         |
| prop maven-groupId                      | org.eclipse.ecf                                                          |
| prop maven-version                      | 1.1.600-SNAPSHOT                                                         |
| prop org.eclipse.equinox.p2.description | This feature provides the Apache   HttpComponents/HttpClient 5 based     |
|                                         |   FileTransfer   provider used by the Eclipse platform to support   P2   |
|                                         |   filetransfer.                                                          |
| prop org.eclipse.equinox.p2.name        | ECF Apache Httpclient 5 FileTransfer Provider                            |
+-----------------------------------------+--------------------------------------------------------------------------+

]