dev.equo.solstice.p2.P2MultipleReposTest.features=[
+---------------------------------------------------------------------------------------------------+---------------------------------------------------+
| id                                                                                                | name \n description                               |
+---------------------------------------------------------------------------------------------------+---------------------------------------------------+
| 202211300214.Default                                                                              | Uncategorized                                     |
|                                                                                                   |   Default category for otherwise uncategorized    |
|                                                                                                   |   features                                        |
| 202211300214.extra                                                                                | CDT Optional Features                             |
| 202211300214.extra-jsoncdb                                                                        | JSON CDB Extras                                   |
|                                                                                                   |   Additional compilers support for the JSON CDB   |
|                                                                                                   |   parser.                                         |
| 202211300214.launchbar                                                                            | LaunchBar                                         |
| 202211300214.main                                                                                 | CDT Main Features                                 |
| 202211300214.remote                                                                               | Remote Services                                   |
| 202211300214.remote_sdk                                                                           | Remote Services SDK                               |
| 202211300214.terminal_main                                                                        | Terminal Features                                 |
|                                                                                                   |   TM Terminal Features                            |
| 202211300214.terminal_sdk                                                                         | Terminal SDK Features                             |
|                                                                                                   |   TM Terminal SDK Features                        |
| I20221123-1800.Default                                                                            | Uncategorized                                     |
|                                                                                                   |   Default category for otherwise uncategorized    |
|                                                                                                   |   features                                        |
| file:/home/tcagent1/agent/work/46ffae0028d9fdb9/org.eclipse.buildship.site/category.xml.Buildship | Buildship: Eclipse Plug-ins for Gradle            |
| org.eclipse.equinox.target.categoryIU                                                             | Equinox Target Components                         |
|                                                                                                   |   Features especially useful to install as PDE    |
|                                                                                                   |   runtime targets.                                |
| org.eclipse.platform.ide.categoryIU                                                               | Eclipse Platform                                  |
|                                                                                                   |   Minimum version of Eclipse: no source or API    |
|                                                                                                   |   documentation, no PDE or JDT.                   |
| org.eclipse.platform.sdk.categoryIU                                                               | Eclipse Platform SDK                              |
|                                                                                                   |   Minimum version of Eclipse with source and      |
|                                                                                                   |   documentation, no PDE or JDT.                   |
| org.eclipse.rcp.categoryIU                                                                        | Eclipse RCP Target Components                     |
|                                                                                                   |   Features to use as PDE runtime target, while    |
|                                                                                                   |   developing RCP applications.                    |
| org.eclipse.releng.java.languages.categoryIU                                                      | Eclipse Java Development Tools                    |
|                                                                                                   |   Tools to allow development with Java.           |
| org.eclipse.releng.pde.categoryIU                                                                 | Eclipse Plugin Development Tools                  |
|                                                                                                   |   Tools to develop bundles, plugins and features. |
| org.eclipse.releng.testsIU                                                                        | Eclipse Tests, Tools, Examples, and Extras        |
|                                                                                                   |   Collection of Misc. Features, such as unit      |
|                                                                                                   |   tests, SWT and e4 tools, examples, and          |
|                                                                                                   |   compatibility features not shipped as part of   |
|                                                                                                   |   main SDK, but which some people may desire in   |
|                                                                                                   |   creating products based on previous versions of |
|                                                                                                   |   Eclipse.                                        |
| org.eclipse.sdk.ide.categoryIU                                                                    | Eclipse SDK                                       |
|                                                                                                   |   The full version of Eclipse, with source and    |
|                                                                                                   |   documentation: Platform, JDT and PDE.           |
+---------------------------------------------------------------------------------------------------+---------------------------------------------------+

]


dev.equo.solstice.p2.P2MultipleReposTest.query=[
+-------------------------------------------------------------+-----------------------------------------------------------+-----------+
| ambiguous requirement                                       | candidate                                                 | installed |
+-------------------------------------------------------------+-----------------------------------------------------------+-----------+
| java.package:com.google.gson                                | com.google.gson:2.9.1.v20220915-1632                      | [x]       |
|                                                             | com.google.gson:2.9.1                                     | [ ]       |
|                                                             | com.google.gson:2.8.9.v20220111-1409                      | [ ]       |
| java.package:com.google.gson.annotations                    | com.google.gson:2.9.1.v20220915-1632                      | [x]       |
|                                                             | com.google.gson:2.9.1                                     | [ ]       |
|                                                             | com.google.gson:2.8.9.v20220111-1409                      | [ ]       |
| java.package:com.google.gson.internal                       | com.google.gson:2.9.1.v20220915-1632                      | [x]       |
|                                                             | com.google.gson:2.8.9.v20220111-1409                      | [ ]       |
| java.package:com.google.gson.internal.bind                  | com.google.gson:2.9.1.v20220915-1632                      | [x]       |
|                                                             | com.google.gson:2.8.9.v20220111-1409                      | [ ]       |
| java.package:com.google.gson.internal.bind.util             | com.google.gson:2.9.1.v20220915-1632                      | [x]       |
|                                                             | com.google.gson:2.8.9.v20220111-1409                      | [ ]       |
| java.package:com.google.gson.internal.reflect               | com.google.gson:2.9.1.v20220915-1632                      | [x]       |
|                                                             | com.google.gson:2.8.9.v20220111-1409                      | [ ]       |
| java.package:com.google.gson.internal.sql                   | com.google.gson:2.9.1.v20220915-1632                      | [x]       |
|                                                             | com.google.gson:2.8.9.v20220111-1409                      | [ ]       |
| java.package:com.google.gson.reflect                        | com.google.gson:2.9.1.v20220915-1632                      | [x]       |
|                                                             | com.google.gson:2.9.1                                     | [ ]       |
|                                                             | com.google.gson:2.8.9.v20220111-1409                      | [ ]       |
| java.package:com.google.gson.stream                         | com.google.gson:2.9.1.v20220915-1632                      | [x]       |
|                                                             | com.google.gson:2.9.1                                     | [ ]       |
|                                                             | com.google.gson:2.8.9.v20220111-1409                      | [ ]       |
| java.package:com.sun.jna                                    | com.sun.jna:5.12.1                                        | [x]       |
|                                                             | com.sun.jna:5.12.1                                        | [ ]       |
| java.package:com.sun.jna.platform.win32                     | com.sun.jna.platform:5.12.1                               | [x]       |
|                                                             | com.sun.jna.platform:5.12.1                               | [ ]       |
| java.package:com.sun.jna.ptr                                | com.sun.jna:5.12.1                                        | [x]       |
|                                                             | com.sun.jna:5.12.1                                        | [ ]       |
| java.package:org.apache.commons.io                          | org.apache.commons.commons-io:2.11.0                      | [x]       |
|                                                             | org.apache.commons.commons-io:2.11.0                      | [x]       |
|                                                             | org.apache.commons.io:2.8.0.v20210415-0900                | [ ]       |
| java.package:org.apache.commons.io.output                   | org.apache.commons.commons-io:2.11.0                      | [x]       |
|                                                             | org.apache.commons.commons-io:2.11.0                      | [x]       |
|                                                             | org.apache.commons.io:2.8.0.v20210415-0900                | [ ]       |
| java.package:org.eclipse.jdt.core.compiler                  | org.eclipse.jdt.core:3.32.0.v20221108-1853                | [x]       |
|                                                             | org.eclipse.jdt.core.compiler.batch:3.32.0.v20221108-1853 | [ ]       |
| java.package:org.eclipse.jdt.internal.compiler              | org.eclipse.jdt.core:3.32.0.v20221108-1853                | [x]       |
|                                                             | org.eclipse.jdt.core.compiler.batch:3.32.0.v20221108-1853 | [ ]       |
| java.package:org.eclipse.jdt.internal.compiler.apt.dispatch | org.eclipse.jdt.compiler.apt:1.4.300.v20221108-0856       | [x]       |
|                                                             | org.eclipse.jdt.core.compiler.batch:3.32.0.v20221108-1853 | [ ]       |
| java.package:org.eclipse.jdt.internal.compiler.apt.model    | org.eclipse.jdt.compiler.apt:1.4.300.v20221108-0856       | [x]       |
|                                                             | org.eclipse.jdt.core.compiler.batch:3.32.0.v20221108-1853 | [ ]       |
| java.package:org.eclipse.jdt.internal.compiler.apt.util     | org.eclipse.jdt.compiler.apt:1.4.300.v20221108-0856       | [x]       |
|                                                             | org.eclipse.jdt.core.compiler.batch:3.32.0.v20221108-1853 | [ ]       |
| java.package:org.eclipse.jdt.internal.compiler.classfmt     | org.eclipse.jdt.core:3.32.0.v20221108-1853                | [x]       |
|                                                             | org.eclipse.jdt.core.compiler.batch:3.32.0.v20221108-1853 | [ ]       |
| java.package:org.eclipse.jdt.internal.compiler.env          | org.eclipse.jdt.core:3.32.0.v20221108-1853                | [x]       |
|                                                             | org.eclipse.jdt.core.compiler.batch:3.32.0.v20221108-1853 | [ ]       |
| java.package:org.eclipse.jdt.internal.compiler.impl         | org.eclipse.jdt.core:3.32.0.v20221108-1853                | [x]       |
|                                                             | org.eclipse.jdt.core.compiler.batch:3.32.0.v20221108-1853 | [ ]       |
| java.package:org.eclipse.jdt.internal.compiler.problem      | org.eclipse.jdt.core:3.32.0.v20221108-1853                | [x]       |
|                                                             | org.eclipse.jdt.core.compiler.batch:3.32.0.v20221108-1853 | [ ]       |
| java.package:org.eclipse.jdt.internal.compiler.tool         | org.eclipse.jdt.compiler.tool:1.3.200.v20220802-0458      | [x]       |
|                                                             | org.eclipse.jdt.core.compiler.batch:3.32.0.v20221108-1853 | [ ]       |
| java.package:org.osgi.service.component.annotations         | org.eclipse.osgi.services:3.11.100.v20221006-1531         | [x]       |
|                                                             | org.osgi.service.component.annotations:1.5.0.202109301733 | [ ]       |
| java.package:org.slf4j                                      | org.slf4j.api:1.7.30.v20200204-2150                       | [x]       |
|                                                             | slf4j.api:1.7.36                                          | [ ]       |
| java.package:org.slf4j.event                                | org.slf4j.api:1.7.30.v20200204-2150                       | [x]       |
|                                                             | slf4j.api:1.7.36                                          | [ ]       |
| java.package:org.slf4j.helpers                              | org.slf4j.api:1.7.30.v20200204-2150                       | [x]       |
|                                                             | slf4j.api:1.7.36                                          | [ ]       |
| java.package:org.slf4j.spi                                  | org.slf4j.api:1.7.30.v20200204-2150                       | [x]       |
|                                                             | slf4j.api:1.7.36                                          | [ ]       |
| org.eclipse.equinox.p2.iu:com.sun.jna                       | com.sun.jna:5.12.1                                        | [x]       |
|                                                             | com.sun.jna:5.12.1                                        | [ ]       |
| org.eclipse.equinox.p2.iu:com.sun.jna.platform              | com.sun.jna.platform:5.12.1                               | [x]       |
|                                                             | com.sun.jna.platform:5.12.1                               | [ ]       |
| org.eclipse.equinox.p2.iu:org.eclipse.jdt.annotation        | org.eclipse.jdt.annotation:2.2.700.v20220826-1026         | [x]       |
|                                                             | org.eclipse.jdt.annotation:1.2.100.v20220826-1026         | [ ]       |
| org.eclipse.equinox.p2.iu:org.eclipse.jdt.annotation.source | org.eclipse.jdt.annotation.source:2.2.700.v20220826-1026  | [ ]       |
|                                                             | org.eclipse.jdt.annotation.source:1.2.100.v20220826-1026  | [ ]       |
| osgi.bundle:com.google.gson                                 | com.google.gson:2.9.1.v20220915-1632                      | [x]       |
|                                                             | com.google.gson:2.9.1                                     | [ ]       |
|                                                             | com.google.gson:2.8.9.v20220111-1409                      | [ ]       |
| osgi.bundle:com.sun.jna                                     | com.sun.jna:5.12.1                                        | [x]       |
|                                                             | com.sun.jna:5.12.1                                        | [ ]       |
| osgi.bundle:com.sun.jna.platform                            | com.sun.jna.platform:5.12.1                               | [x]       |
|                                                             | com.sun.jna.platform:5.12.1                               | [ ]       |
| osgi.bundle:org.eclipse.jdt.annotation                      | org.eclipse.jdt.annotation:2.2.700.v20220826-1026         | [x]       |
|                                                             | org.eclipse.jdt.annotation:1.2.100.v20220826-1026         | [ ]       |
+-------------------------------------------------------------+-----------------------------------------------------------+-----------+

+-----------------------------------------------------------+--------------------------------------------------------------------+
| unmet requirement                                         | needed by                                                          |
+-----------------------------------------------------------+--------------------------------------------------------------------+
| java.package:COM.ibm.netrexx.process                      | org.apache.ant:1.10.12.v20211102-1452                              |
| java.package:com.google.errorprone.annotations            | com.google.guava:30.1.0.v20210127-2300                             |
| java.package:com.google.errorprone.annotations.concurrent | com.google.guava:30.1.0.v20210127-2300                             |
| java.package:com.jcraft.jzlib                             | com.jcraft.jsch:0.1.55.v20221112-0806                              |
| java.package:com.sun.media.jai.codec                      | org.apache.ant:1.10.12.v20211102-1452                              |
| java.package:com.sun.net.ssl.internal.ssl                 | org.apache.ant:1.10.12.v20211102-1452                              |
| java.package:com.sun.org.apache.xml.internal.utils        | org.freemarker:2.3.22.v20160210-1233                               |
| java.package:com.sun.org.apache.xpath.internal            | org.freemarker:2.3.22.v20160210-1233                               |
| java.package:com.sun.org.apache.xpath.internal.objects    | org.freemarker:2.3.22.v20160210-1233                               |
| java.package:com.sun.tools.javah                          | org.apache.ant:1.10.12.v20211102-1452                              |
| java.package:com.sun.tools.javah.oldjavah                 | org.apache.ant:1.10.12.v20211102-1452                              |
| java.package:com.sun.xml.fastinfoset.sax                  | com.sun.xml.bind:2.3.3.v20221112-0806                              |
| java.package:com.sun.xml.fastinfoset.stax                 | com.sun.xml.bind:2.3.3.v20221112-0806                              |
| java.package:gnu.classpath                                | org.apache.ant:1.10.12.v20211102-1452                              |
| java.package:gnu.gcj                                      | org.apache.ant:1.10.12.v20211102-1452                              |
| java.package:javax.mail                                   | org.apache.ant:1.10.12.v20211102-1452                              |
| java.package:javax.mail.internet                          | org.apache.ant:1.10.12.v20211102-1452                              |
| java.package:javax.media.jai                              | org.apache.ant:1.10.12.v20211102-1452                              |
| java.package:jdepend.framework                            | org.apache.ant:1.10.12.v20211102-1452                              |
| java.package:jdepend.textui                               | org.apache.ant:1.10.12.v20211102-1452                              |
| java.package:jdepend.xmlui                                | org.apache.ant:1.10.12.v20211102-1452                              |
| java.package:kaffe.util                                   | org.apache.ant:1.10.12.v20211102-1452                              |
| java.package:kotlin                                       | junit-jupiter-api:5.9.1                                            |
|                                                           | junit-jupiter-params:5.9.1                                         |
| java.package:kotlin.collections                           | junit-jupiter-api:5.9.1                                            |
| java.package:kotlin.jvm.functions                         | junit-jupiter-api:5.9.1                                            |
| java.package:kotlin.jvm.internal                          | junit-jupiter-api:5.9.1                                            |
|                                                           | junit-jupiter-params:5.9.1                                         |
| java.package:netrexx.lang                                 | org.apache.ant:1.10.12.v20211102-1452                              |
| java.package:org.apache.avalon.framework.logger           | org.apache.commons.logging:1.2.0.v20180409-1502                    |
| java.package:org.apache.bcel.classfile                    | org.apache.ant:1.10.12.v20211102-1452                              |
| java.package:org.apache.bsf                               | org.apache.ant:1.10.12.v20211102-1452                              |
| java.package:org.apache.commons.net.bsd                   | org.apache.ant:1.10.12.v20211102-1452                              |
| java.package:org.apache.commons.net.ftp                   | org.apache.ant:1.10.12.v20211102-1452                              |
| java.package:org.apache.commons.net.telnet                | org.apache.ant:1.10.12.v20211102-1452                              |
| java.package:org.apache.env                               | org.apache.ant:1.10.12.v20211102-1452                              |
| java.package:org.apache.harmony.luni.util                 | org.apache.ant:1.10.12.v20211102-1452                              |
| java.package:org.apache.log                               | org.apache.commons.logging:1.2.0.v20180409-1502                    |
|                                                           | org.freemarker:2.3.22.v20160210-1233                               |
| java.package:org.apache.log4j                             | org.apache.ant:1.10.12.v20211102-1452                              |
|                                                           | org.apache.commons.logging:1.2.0.v20180409-1502                    |
|                                                           | org.freemarker:2.3.22.v20160210-1233                               |
| java.package:org.apache.oro.text.regex                    | org.apache.ant:1.10.12.v20211102-1452                              |
| java.package:org.apache.regexp                            | org.apache.ant:1.10.12.v20211102-1452                              |
| java.package:org.apache.xalan.trace                       | org.apache.ant:1.10.12.v20211102-1452                              |
| java.package:org.apache.xalan.transformer                 | org.apache.ant:1.10.12.v20211102-1452                              |
| java.package:org.apache.xml.resolver                      | org.apache.ant:1.10.12.v20211102-1452                              |
| java.package:org.apache.xml.resolver.helpers              | org.apache.ant:1.10.12.v20211102-1452                              |
| java.package:org.apache.xml.resolver.tools                | org.apache.ant:1.10.12.v20211102-1452                              |
| java.package:org.apache.xml.utils                         | org.freemarker:2.3.22.v20160210-1233                               |
| java.package:org.apache.xpath                             | org.freemarker:2.3.22.v20160210-1233                               |
| java.package:org.apache.xpath.objects                     | org.freemarker:2.3.22.v20160210-1233                               |
| java.package:org.checkerframework.checker.nullness.qual   | com.google.guava:30.1.0.v20210127-2300                             |
| java.package:org.conscrypt                                | org.apache.httpcomponents.client5.httpclient5:5.1.3.v20221013-1742 |
|                                                           | org.apache.httpcomponents.core5.httpcore5-h2:5.1.4.v20221013-1742  |
| java.package:org.dom4j                                    | org.freemarker:2.3.22.v20160210-1233                               |
| java.package:org.dom4j.tree                               | org.freemarker:2.3.22.v20160210-1233                               |
| java.package:org.eclipse.jetty.jmx                        | org.eclipse.jetty.io:10.0.12                                       |
|                                                           | org.eclipse.jetty.server:10.0.12                                   |
|                                                           | org.eclipse.jetty.servlet:10.0.12                                  |
| java.package:org.eclipse.swt.accessibility2               | org.eclipse.swt:3.122.0.v20221123-2302                             |
| java.package:org.glassfish.hk2.osgiresourcelocator        | jakarta.xml.bind:2.3.3.v20221112-0806                              |
| java.package:org.jaxen                                    | org.freemarker:2.3.22.v20160210-1233                               |
| java.package:org.jaxen.dom                                | org.freemarker:2.3.22.v20160210-1233                               |
| java.package:org.jaxen.dom4j                              | org.freemarker:2.3.22.v20160210-1233                               |
| java.package:org.jaxen.jdom                               | org.freemarker:2.3.22.v20160210-1233                               |
| java.package:org.jdom                                     | org.freemarker:2.3.22.v20160210-1233                               |
| java.package:org.jdom.input                               | org.freemarker:2.3.22.v20160210-1233                               |
| java.package:org.jdom.output                              | org.freemarker:2.3.22.v20160210-1233                               |
| java.package:org.junit.Suite                              | org.apache.ant:1.10.12.v20211102-1452                              |
| java.package:org.jvnet.fastinfoset                        | com.sun.xml.bind:2.3.3.v20221112-0806                              |
| java.package:org.jvnet.fastinfoset.stax                   | com.sun.xml.bind:2.3.3.v20221112-0806                              |
| java.package:org.jvnet.staxex                             | com.sun.xml.bind:2.3.3.v20221112-0806                              |
| java.package:org.mozilla.javascript                       | org.freemarker:2.3.22.v20160210-1233                               |
| java.package:org.python.core                              | org.freemarker:2.3.22.v20160210-1233                               |
| java.package:org.python.util                              | org.freemarker:2.3.22.v20160210-1233                               |
| java.package:org.zeroturnaround.javarebel                 | org.freemarker:2.3.22.v20160210-1233                               |
| java.package:sun.nio.ch                                   | org.apache.commons.commons-io:2.11.0                               |
| java.package:sun.rmi.rmic                                 | org.apache.ant:1.10.12.v20211102-1452                              |
| java.package:sun.tools.javac                              | org.apache.ant:1.10.12.v20211102-1452                              |
| java.package:sun.tools.native2ascii                       | org.apache.ant:1.10.12.v20211102-1452                              |
| java.package:weblogic                                     | org.apache.ant:1.10.12.v20211102-1452                              |
+-----------------------------------------------------------+--------------------------------------------------------------------+

+---------------------------------------------------------------------------------+---------------+
| maven coordinate / p2 id                                                        | repo          |
+---------------------------------------------------------------------------------+---------------+
| com.ibm.icu:icu4j:72.1                                                          | mavenCentral  |
| commons-fileupload:commons-fileupload:1.4                                       | mavenCentral  |
| commons-io:commons-io:2.11.0                                                    | mavenCentral  |
| jakarta.servlet:jakarta.servlet-api:4.0.4                                       | mavenCentral  |
| javax.servlet.jsp:javax.servlet.jsp-api:2.3.3                                   | mavenCentral  |
| net.java.dev.jna:jna-platform:5.12.1                                            | mavenCentral  |
| net.java.dev.jna:jna:5.12.1                                                     | mavenCentral  |
| org.apache.felix:org.apache.felix.gogo.command:1.1.2                            | mavenCentral  |
| org.apache.felix:org.apache.felix.gogo.runtime:1.1.6                            | mavenCentral  |
| org.apache.felix:org.apache.felix.gogo.shell:1.1.4                              | mavenCentral  |
| org.apache.felix:org.apache.felix.scr:2.2.4                                     | mavenCentral  |
| org.apiguardian:apiguardian-api:1.1.2                                           | mavenCentral  |
| org.bouncycastle:bcpg-jdk18on:1.72                                              | mavenCentral  |
| org.bouncycastle:bcprov-jdk18on:1.72                                            | mavenCentral  |
| org.eclipse.jetty:jetty-http:10.0.12                                            | mavenCentral  |
| org.eclipse.jetty:jetty-io:10.0.12                                              | mavenCentral  |
| org.eclipse.jetty:jetty-security:10.0.12                                        | mavenCentral  |
| org.eclipse.jetty:jetty-server:10.0.12                                          | mavenCentral  |
| org.eclipse.jetty:jetty-servlet:10.0.12                                         | mavenCentral  |
| org.eclipse.jetty:jetty-util-ajax:10.0.12                                       | mavenCentral  |
| org.eclipse.jetty:jetty-util:10.0.12                                            | mavenCentral  |
| org.junit.jupiter:junit-jupiter-api:5.9.1                                       | mavenCentral  |
| org.junit.jupiter:junit-jupiter-engine:5.9.1                                    | mavenCentral  |
| org.junit.jupiter:junit-jupiter-migrationsupport:5.9.1                          | mavenCentral  |
| org.junit.jupiter:junit-jupiter-params:5.9.1                                    | mavenCentral  |
| org.junit.platform:junit-platform-commons:1.9.1                                 | mavenCentral  |
| org.junit.platform:junit-platform-engine:1.9.1                                  | mavenCentral  |
| org.junit.platform:junit-platform-launcher:1.9.1                                | mavenCentral  |
| org.junit.platform:junit-platform-runner:1.9.1                                  | mavenCentral  |
| org.junit.platform:junit-platform-suite-api:1.9.1                               | mavenCentral  |
| org.junit.platform:junit-platform-suite-commons:1.9.1                           | mavenCentral  |
| org.junit.platform:junit-platform-suite-engine:1.9.1                            | mavenCentral  |
| org.junit.vintage:junit-vintage-engine:5.9.1                                    | mavenCentral  |
| org.opentest4j:opentest4j:1.2.0                                                 | mavenCentral  |
| org.osgi:org.osgi.service.cm:1.6.1                                              | mavenCentral  |
| org.osgi:org.osgi.service.component:1.5.0                                       | mavenCentral  |
| org.osgi:org.osgi.service.device:1.1.1                                          | mavenCentral  |
| org.osgi:org.osgi.service.event:1.4.1                                           | mavenCentral  |
| org.osgi:org.osgi.service.metatype:1.4.1                                        | mavenCentral  |
| org.osgi:org.osgi.service.prefs:1.1.2                                           | mavenCentral  |
| org.osgi:org.osgi.service.provisioning:1.2.0                                    | mavenCentral  |
| org.osgi:org.osgi.service.upnp:1.2.1                                            | mavenCentral  |
| org.osgi:org.osgi.service.useradmin:1.1.1                                       | mavenCentral  |
| org.osgi:org.osgi.service.wireadmin:1.0.2                                       | mavenCentral  |
| org.osgi:org.osgi.util.function:1.2.0                                           | mavenCentral  |
| org.osgi:org.osgi.util.measurement:1.0.2                                        | mavenCentral  |
| org.osgi:org.osgi.util.position:1.0.1                                           | mavenCentral  |
| org.osgi:org.osgi.util.promise:1.2.0                                            | mavenCentral  |
| org.osgi:org.osgi.util.xml:1.0.2                                                | mavenCentral  |
| org.ow2.sat4j:org.ow2.sat4j.core:2.3.6                                          | mavenCentral  |
| org.ow2.sat4j:org.ow2.sat4j.pb:2.3.6                                            | mavenCentral  |
| org.tukaani:xz:1.9                                                              | mavenCentral  |
| org.eclipse.ecf:org.eclipse.ecf.filetransfer:5.1.102                            | mavenCentral? |
| org.eclipse.ecf:org.eclipse.ecf.identity:3.9.402                                | mavenCentral? |
| org.eclipse.ecf:org.eclipse.ecf.provider.filetransfer.httpclient5:1.0.401       | mavenCentral? |
| org.eclipse.ecf:org.eclipse.ecf.provider.filetransfer.ssl:1.0.201               | mavenCentral? |
| org.eclipse.ecf:org.eclipse.ecf.provider.filetransfer:3.2.800                   | mavenCentral? |
| org.eclipse.ecf:org.eclipse.ecf.ssl:1.2.401                                     | mavenCentral? |
| org.eclipse.ecf:org.eclipse.ecf:3.10.0                                          | mavenCentral? |
| org.eclipse.emf:org.eclipse.emf.common:2.27.0                                   | mavenCentral? |
| org.eclipse.emf:org.eclipse.emf.ecore.change:2.14.0                             | mavenCentral? |
| org.eclipse.emf:org.eclipse.emf.ecore.xmi:2.17.0                                | mavenCentral? |
| org.eclipse.emf:org.eclipse.emf.ecore:2.29.0                                    | mavenCentral? |
| org.eclipse.jdt:org.eclipse.jdt.annotation:2.2.700                              | mavenCentral? |
| org.eclipse.jdt:org.eclipse.jdt.apt.core:3.7.50                                 | mavenCentral? |
| org.eclipse.jdt:org.eclipse.jdt.apt.pluggable.core:1.3.0                        | mavenCentral? |
| org.eclipse.jdt:org.eclipse.jdt.apt.ui:3.7.0                                    | mavenCentral? |
| org.eclipse.jdt:org.eclipse.jdt.compiler.apt:1.4.300                            | mavenCentral? |
| org.eclipse.jdt:org.eclipse.jdt.compiler.tool:1.3.200                           | mavenCentral? |
| org.eclipse.jdt:org.eclipse.jdt.core.formatterapp:1.1.0                         | mavenCentral? |
| org.eclipse.jdt:org.eclipse.jdt.core.manipulation:1.17.0                        | mavenCentral? |
| org.eclipse.jdt:org.eclipse.jdt.core:3.32.0                                     | mavenCentral? |
| org.eclipse.jdt:org.eclipse.jdt.debug.ui:3.12.900                               | mavenCentral? |
| org.eclipse.jdt:org.eclipse.jdt.debug:3.20.0                                    | mavenCentral? |
| org.eclipse.jdt:org.eclipse.jdt.doc.isv:3.14.1800                               | mavenCentral? |
| org.eclipse.jdt:org.eclipse.jdt.doc.user:3.15.1600                              | mavenCentral? |
| org.eclipse.jdt:org.eclipse.jdt.junit.core:3.11.500                             | mavenCentral? |
| org.eclipse.jdt:org.eclipse.jdt.junit.runtime:3.7.0                             | mavenCentral? |
| org.eclipse.jdt:org.eclipse.jdt.junit4.runtime:1.3.0                            | mavenCentral? |
| org.eclipse.jdt:org.eclipse.jdt.junit5.runtime:1.1.100                          | mavenCentral? |
| org.eclipse.jdt:org.eclipse.jdt.junit:3.15.100                                  | mavenCentral? |
| org.eclipse.jdt:org.eclipse.jdt.launching:3.19.800                              | mavenCentral? |
| org.eclipse.jdt:org.eclipse.jdt.ui:3.27.100                                     | mavenCentral? |
| org.eclipse.jdt:org.eclipse.jdt:3.18.1400                                       | mavenCentral? |
| org.eclipse.platform:org.eclipse.ant.core:3.6.500                               | mavenCentral? |
| org.eclipse.platform:org.eclipse.ant.launching:1.3.400                          | mavenCentral? |
| org.eclipse.platform:org.eclipse.ant.ui:3.8.300                                 | mavenCentral? |
| org.eclipse.platform:org.eclipse.compare.core:3.7.100                           | mavenCentral? |
| org.eclipse.platform:org.eclipse.compare:3.8.500                                | mavenCentral? |
| org.eclipse.platform:org.eclipse.core.commands:3.10.300                         | mavenCentral? |
| org.eclipse.platform:org.eclipse.core.contenttype:3.8.200                       | mavenCentral? |
| org.eclipse.platform:org.eclipse.core.databinding.beans:1.9.0                   | mavenCentral? |
| org.eclipse.platform:org.eclipse.core.databinding.observable:1.12.100           | mavenCentral? |
| org.eclipse.platform:org.eclipse.core.databinding.property:1.9.100              | mavenCentral? |
| org.eclipse.platform:org.eclipse.core.databinding:1.11.200                      | mavenCentral? |
| org.eclipse.platform:org.eclipse.core.expressions:3.8.200                       | mavenCentral? |
| org.eclipse.platform:org.eclipse.core.externaltools:1.2.300                     | mavenCentral? |
| org.eclipse.platform:org.eclipse.core.filebuffers:3.7.200                       | mavenCentral? |
| org.eclipse.platform:org.eclipse.core.filesystem:1.9.500                        | mavenCentral? |
| org.eclipse.platform:org.eclipse.core.jobs:3.13.200                             | mavenCentral? |
| org.eclipse.platform:org.eclipse.core.net:1.4.0                                 | mavenCentral? |
| org.eclipse.platform:org.eclipse.core.resources:3.18.100                        | mavenCentral? |
| org.eclipse.platform:org.eclipse.core.runtime:3.26.100                          | mavenCentral? |
| org.eclipse.platform:org.eclipse.core.variables:3.5.100                         | mavenCentral? |
| org.eclipse.platform:org.eclipse.debug.core:3.20.0                              | mavenCentral? |
| org.eclipse.platform:org.eclipse.debug.ui.launchview:1.0.300                    | mavenCentral? |
| org.eclipse.platform:org.eclipse.debug.ui:3.17.100                              | mavenCentral? |
| org.eclipse.platform:org.eclipse.e4.core.commands:1.0.300                       | mavenCentral? |
| org.eclipse.platform:org.eclipse.e4.core.contexts:1.11.0                        | mavenCentral? |
| org.eclipse.platform:org.eclipse.e4.core.di.annotations:1.7.200                 | mavenCentral? |
| org.eclipse.platform:org.eclipse.e4.core.di.extensions.supplier:0.16.400        | mavenCentral? |
| org.eclipse.platform:org.eclipse.e4.core.di.extensions:0.17.200                 | mavenCentral? |
| org.eclipse.platform:org.eclipse.e4.core.di:1.8.300                             | mavenCentral? |
| org.eclipse.platform:org.eclipse.e4.core.services:2.3.400                       | mavenCentral? |
| org.eclipse.platform:org.eclipse.e4.emf.xpath:0.3.100                           | mavenCentral? |
| org.eclipse.platform:org.eclipse.e4.ui.bindings:0.13.200                        | mavenCentral? |
| org.eclipse.platform:org.eclipse.e4.ui.css.core:0.13.400                        | mavenCentral? |
| org.eclipse.platform:org.eclipse.e4.ui.css.swt.theme:0.13.200                   | mavenCentral? |
| org.eclipse.platform:org.eclipse.e4.ui.css.swt:0.14.700                         | mavenCentral? |
| org.eclipse.platform:org.eclipse.e4.ui.di:1.4.100                               | mavenCentral? |
| org.eclipse.platform:org.eclipse.e4.ui.dialogs:1.3.400                          | mavenCentral? |
| org.eclipse.platform:org.eclipse.e4.ui.ide:3.16.200                             | mavenCentral? |
| org.eclipse.platform:org.eclipse.e4.ui.model.workbench:2.2.300                  | mavenCentral? |
| org.eclipse.platform:org.eclipse.e4.ui.progress:0.3.600                         | mavenCentral? |
| org.eclipse.platform:org.eclipse.e4.ui.services:1.5.100                         | mavenCentral? |
| org.eclipse.platform:org.eclipse.e4.ui.widgets:1.3.100                          | mavenCentral? |
| org.eclipse.platform:org.eclipse.e4.ui.workbench.addons.swt:1.4.500             | mavenCentral? |
| org.eclipse.platform:org.eclipse.e4.ui.workbench.renderers.swt:0.15.700         | mavenCentral? |
| org.eclipse.platform:org.eclipse.e4.ui.workbench.swt:0.16.700                   | mavenCentral? |
| org.eclipse.platform:org.eclipse.e4.ui.workbench3:0.16.100                      | mavenCentral? |
| org.eclipse.platform:org.eclipse.e4.ui.workbench:1.14.0                         | mavenCentral? |
| org.eclipse.platform:org.eclipse.equinox.app:1.6.200                            | mavenCentral? |
| org.eclipse.platform:org.eclipse.equinox.bidi:1.4.200                           | mavenCentral? |
| org.eclipse.platform:org.eclipse.equinox.common:3.17.0                          | mavenCentral? |
| org.eclipse.platform:org.eclipse.equinox.concurrent:1.2.100                     | mavenCentral? |
| org.eclipse.platform:org.eclipse.equinox.console:1.4.500                        | mavenCentral? |
| org.eclipse.platform:org.eclipse.equinox.event:1.6.100                          | mavenCentral? |
| org.eclipse.platform:org.eclipse.equinox.frameworkadmin.equinox:1.2.200         | mavenCentral? |
| org.eclipse.platform:org.eclipse.equinox.frameworkadmin:2.2.100                 | mavenCentral? |
| org.eclipse.platform:org.eclipse.equinox.http.jetty:3.8.200                     | mavenCentral? |
| org.eclipse.platform:org.eclipse.equinox.http.registry:1.3.200                  | mavenCentral? |
| org.eclipse.platform:org.eclipse.equinox.http.servlet:1.7.400                   | mavenCentral? |
| org.eclipse.platform:org.eclipse.equinox.jsp.jasper.registry:1.2.100            | mavenCentral? |
| org.eclipse.platform:org.eclipse.equinox.jsp.jasper:1.1.700                     | mavenCentral? |
| org.eclipse.platform:org.eclipse.equinox.launcher:1.6.400                       | mavenCentral? |
| org.eclipse.platform:org.eclipse.equinox.p2.artifact.repository:1.4.600         | mavenCentral? |
| org.eclipse.platform:org.eclipse.equinox.p2.console:1.2.100                     | mavenCentral? |
| org.eclipse.platform:org.eclipse.equinox.p2.core:2.9.200                        | mavenCentral? |
| org.eclipse.platform:org.eclipse.equinox.p2.director.app:1.2.300                | mavenCentral? |
| org.eclipse.platform:org.eclipse.equinox.p2.director:2.5.400                    | mavenCentral? |
| org.eclipse.platform:org.eclipse.equinox.p2.directorywatcher:1.3.100            | mavenCentral? |
| org.eclipse.platform:org.eclipse.equinox.p2.engine:2.7.500                      | mavenCentral? |
| org.eclipse.platform:org.eclipse.equinox.p2.extensionlocation:1.4.100           | mavenCentral? |
| org.eclipse.platform:org.eclipse.equinox.p2.garbagecollector:1.2.100            | mavenCentral? |
| org.eclipse.platform:org.eclipse.equinox.p2.jarprocessor:1.2.300                | mavenCentral? |
| org.eclipse.platform:org.eclipse.equinox.p2.metadata.repository:1.4.100         | mavenCentral? |
| org.eclipse.platform:org.eclipse.equinox.p2.metadata:2.6.300                    | mavenCentral? |
| org.eclipse.platform:org.eclipse.equinox.p2.operations:2.6.100                  | mavenCentral? |
| org.eclipse.platform:org.eclipse.equinox.p2.publisher.eclipse:1.4.200           | mavenCentral? |
| org.eclipse.platform:org.eclipse.equinox.p2.publisher:1.7.200                   | mavenCentral? |
| org.eclipse.platform:org.eclipse.equinox.p2.reconciler.dropins:1.4.200          | mavenCentral? |
| org.eclipse.platform:org.eclipse.equinox.p2.repository.tools:2.3.200            | mavenCentral? |
| org.eclipse.platform:org.eclipse.equinox.p2.repository:2.6.300                  | mavenCentral? |
| org.eclipse.platform:org.eclipse.equinox.p2.touchpoint.eclipse:2.3.300          | mavenCentral? |
| org.eclipse.platform:org.eclipse.equinox.p2.touchpoint.natives:1.4.400          | mavenCentral? |
| org.eclipse.platform:org.eclipse.equinox.p2.transport.ecf:1.3.300               | mavenCentral? |
| org.eclipse.platform:org.eclipse.equinox.p2.ui.importexport:1.3.300             | mavenCentral? |
| org.eclipse.platform:org.eclipse.equinox.p2.ui.sdk.scheduler:1.5.400            | mavenCentral? |
| org.eclipse.platform:org.eclipse.equinox.p2.ui.sdk:1.2.100                      | mavenCentral? |
| org.eclipse.platform:org.eclipse.equinox.p2.ui:2.7.700                          | mavenCentral? |
| org.eclipse.platform:org.eclipse.equinox.p2.updatechecker:1.3.100               | mavenCentral? |
| org.eclipse.platform:org.eclipse.equinox.p2.updatesite:1.2.300                  | mavenCentral? |
| org.eclipse.platform:org.eclipse.equinox.preferences:3.10.100                   | mavenCentral? |
| org.eclipse.platform:org.eclipse.equinox.registry:3.11.200                      | mavenCentral? |
| org.eclipse.platform:org.eclipse.equinox.security.ui:1.3.400                    | mavenCentral? |
| org.eclipse.platform:org.eclipse.equinox.security:1.3.1000                      | mavenCentral? |
| org.eclipse.platform:org.eclipse.equinox.simpleconfigurator.manipulator:2.2.100 | mavenCentral? |
| org.eclipse.platform:org.eclipse.equinox.simpleconfigurator:1.4.200             | mavenCentral? |
| org.eclipse.platform:org.eclipse.equinox.supplement:1.10.600                    | mavenCentral? |
| org.eclipse.platform:org.eclipse.help.base:4.3.900                              | mavenCentral? |
| org.eclipse.platform:org.eclipse.help.ui:4.4.100                                | mavenCentral? |
| org.eclipse.platform:org.eclipse.help.webapp:3.10.900                           | mavenCentral? |
| org.eclipse.platform:org.eclipse.help:3.9.100                                   | mavenCentral? |
| org.eclipse.platform:org.eclipse.jface.databinding:1.14.0                       | mavenCentral? |
| org.eclipse.platform:org.eclipse.jface.notifications:0.5.100                    | mavenCentral? |
| org.eclipse.platform:org.eclipse.jface.text:3.22.0                              | mavenCentral? |
| org.eclipse.platform:org.eclipse.jface:3.28.0                                   | mavenCentral? |
| org.eclipse.platform:org.eclipse.jsch.core:1.4.0                                | mavenCentral? |
| org.eclipse.platform:org.eclipse.jsch.ui:1.4.200                                | mavenCentral? |
| org.eclipse.platform:org.eclipse.ltk.core.refactoring:3.13.0                    | mavenCentral? |
| org.eclipse.platform:org.eclipse.ltk.ui.refactoring:3.12.200                    | mavenCentral? |
| org.eclipse.platform:org.eclipse.osgi.compatibility.state:1.2.800               | mavenCentral? |
| org.eclipse.platform:org.eclipse.osgi.services:3.11.100                         | mavenCentral? |
| org.eclipse.platform:org.eclipse.osgi.util:3.7.100                              | mavenCentral? |
| org.eclipse.platform:org.eclipse.osgi:3.18.200                                  | mavenCentral? |
| org.eclipse.platform:org.eclipse.platform.doc.user:4.26.0                       | mavenCentral? |
| org.eclipse.platform:org.eclipse.platform:4.26.0                                | mavenCentral? |
| org.eclipse.platform:org.eclipse.rcp:4.26.0                                     | mavenCentral? |
| org.eclipse.platform:org.eclipse.search:3.14.300                                | mavenCentral? |
| org.eclipse.platform:org.eclipse.swt:3.122.0                                    | mavenCentral? |
| org.eclipse.platform:org.eclipse.team.core:3.9.600                              | mavenCentral? |
| org.eclipse.platform:org.eclipse.team.genericeditor.diff.extension:1.1.100      | mavenCentral? |
| org.eclipse.platform:org.eclipse.team.ui:3.9.500                                | mavenCentral? |
| org.eclipse.platform:org.eclipse.text.quicksearch:1.1.400                       | mavenCentral? |
| org.eclipse.platform:org.eclipse.text:3.12.300                                  | mavenCentral? |
| org.eclipse.platform:org.eclipse.ui.browser:3.7.300                             | mavenCentral? |
| org.eclipse.platform:org.eclipse.ui.cheatsheets:3.7.500                         | mavenCentral? |
| org.eclipse.platform:org.eclipse.ui.console:3.11.400                            | mavenCentral? |
| org.eclipse.platform:org.eclipse.ui.editors:3.14.400                            | mavenCentral? |
| org.eclipse.platform:org.eclipse.ui.externaltools:3.5.200                       | mavenCentral? |
| org.eclipse.platform:org.eclipse.ui.forms:3.11.500                              | mavenCentral? |
| org.eclipse.platform:org.eclipse.ui.genericeditor:1.2.300                       | mavenCentral? |
| org.eclipse.platform:org.eclipse.ui.ide.application:1.4.600                     | mavenCentral? |
| org.eclipse.platform:org.eclipse.ui.ide:3.20.0                                  | mavenCentral? |
| org.eclipse.platform:org.eclipse.ui.intro.quicklinks:1.1.200                    | mavenCentral? |
| org.eclipse.platform:org.eclipse.ui.intro.universal:3.4.300                     | mavenCentral? |
| org.eclipse.platform:org.eclipse.ui.intro:3.6.600                               | mavenCentral? |
| org.eclipse.platform:org.eclipse.ui.monitoring:1.2.300                          | mavenCentral? |
| org.eclipse.platform:org.eclipse.ui.navigator.resources:3.8.500                 | mavenCentral? |
| org.eclipse.platform:org.eclipse.ui.navigator:3.10.400                          | mavenCentral? |
| org.eclipse.platform:org.eclipse.ui.net:1.4.100                                 | mavenCentral? |
| org.eclipse.platform:org.eclipse.ui.themes:1.2.2100                             | mavenCentral? |
| org.eclipse.platform:org.eclipse.ui.views.log:1.3.400                           | mavenCentral? |
| org.eclipse.platform:org.eclipse.ui.views.properties.tabbed:3.9.300             | mavenCentral? |
| org.eclipse.platform:org.eclipse.ui.views:3.11.300                              | mavenCentral? |
| org.eclipse.platform:org.eclipse.ui.workbench.texteditor:3.16.600               | mavenCentral? |
| org.eclipse.platform:org.eclipse.ui.workbench:3.127.0                           | mavenCentral? |
| org.eclipse.platform:org.eclipse.ui:3.201.200                                   | mavenCentral? |
| org.eclipse.platform:org.eclipse.update.configurator:3.4.1000                   | mavenCentral? |
| org.eclipse.platform:org.eclipse.urischeme:1.2.200                              | mavenCentral? |
| com.google.gson:2.9.1.v20220915-1632                                            | p2            |
| com.google.guava:30.1.0.v20210127-2300                                          | p2            |
| com.jcraft.jsch:0.1.55.v20221112-0806                                           | p2            |
| com.sun.el:2.2.0.v201303151357                                                  | p2            |
| com.sun.xml.bind:2.3.3.v20221112-0806                                           | p2            |
| jakarta.xml.bind:2.3.3.v20221112-0806                                           | p2            |
| javax.activation:1.2.2.v20221112-0806                                           | p2            |
| javax.annotation:1.3.5.v20221112-0806                                           | p2            |
| javax.el:2.2.0.v201303151357                                                    | p2            |
| javax.inject:1.0.0.v20220405-0441                                               | p2            |
| org.apache.ant:1.10.12.v20211102-1452                                           | p2            |
| org.apache.batik.constants:1.16.0.v20221027-0840                                | p2            |
| org.apache.batik.css:1.16.0.v20221027-0840                                      | p2            |
| org.apache.batik.i18n:1.16.0.v20221027-0840                                     | p2            |
| org.apache.batik.util:1.16.0.v20221027-0840                                     | p2            |
| org.apache.commons.codec:1.14.0.v20221112-0806                                  | p2            |
| org.apache.commons.jxpath:1.3.0.v200911051830                                   | p2            |
| org.apache.commons.logging:1.2.0.v20180409-1502                                 | p2            |
| org.apache.httpcomponents.client5.httpclient5-win:5.1.3.v20221013-1742          | p2            |
| org.apache.httpcomponents.client5.httpclient5:5.1.3.v20221013-1742              | p2            |
| org.apache.httpcomponents.core5.httpcore5-h2:5.1.4.v20221013-1742               | p2            |
| org.apache.httpcomponents.core5.httpcore5:5.1.4.v20221013-1742                  | p2            |
| org.apache.jasper.glassfish:2.2.2.v201501141630                                 | p2            |
| org.apache.lucene.analyzers-common:8.4.1.v20221112-0806                         | p2            |
| org.apache.lucene.analyzers-smartcn:8.4.1.v20221112-0806                        | p2            |
| org.apache.lucene.core:8.4.1.v20221112-0806                                     | p2            |
| org.apache.xmlgraphics:2.7.0.v20221018-0736                                     | p2            |
| org.eclipse.buildship.branding:3.1.6.v20220511-1359                             | p2            |
| org.eclipse.buildship.compat:3.1.6.v20220511-1359                               | p2            |
| org.eclipse.buildship.core:3.1.6.v20220511-1359                                 | p2            |
| org.eclipse.buildship.ui:3.1.6.v20220511-1359                                   | p2            |
| org.eclipse.cdt.build.gcc.core:2.0.0.202211181555                               | p2            |
| org.eclipse.cdt.build.gcc.ui:1.2.0.202211062329                                 | p2            |
| org.eclipse.cdt.codan.checkers.ui:3.4.0.202211062329                            | p2            |
| org.eclipse.cdt.codan.checkers:3.5.0.202211062329                               | p2            |
| org.eclipse.cdt.codan.core.cxx:3.6.0.202211062329                               | p2            |
| org.eclipse.cdt.codan.core:4.2.0.202211062329                                   | p2            |
| org.eclipse.cdt.codan.ui.cxx:3.7.0.202211101937                                 | p2            |
| org.eclipse.cdt.codan.ui:3.5.0.202211062329                                     | p2            |
| org.eclipse.cdt.core.native:6.3.0.202211062329                                  | p2            |
| org.eclipse.cdt.core:8.0.0.202211292120                                         | p2            |
| org.eclipse.cdt.debug.core:8.8.0.202211072232                                   | p2            |
| org.eclipse.cdt.debug.ui:8.5.0.202211100047                                     | p2            |
| org.eclipse.cdt.doc.isv:5.5.0.202211080413                                      | p2            |
| org.eclipse.cdt.doc.user:5.5.0.202211211546                                     | p2            |
| org.eclipse.cdt.dsf.gdb.ui:2.8.0.202211062329                                   | p2            |
| org.eclipse.cdt.dsf.gdb:7.0.0.202211221643                                      | p2            |
| org.eclipse.cdt.dsf.ui:2.7.0.202211062329                                       | p2            |
| org.eclipse.cdt.dsf:2.12.0.202211062329                                         | p2            |
| org.eclipse.cdt.flatpak.launcher:1.1.0.202211062329                             | p2            |
| org.eclipse.cdt.gdb.ui:7.2.0.202211062329                                       | p2            |
| org.eclipse.cdt.gdb:7.2.0.202211062329                                          | p2            |
| org.eclipse.cdt.launch:10.4.0.202211062329                                      | p2            |
| org.eclipse.cdt.make.core:7.6.0.202211062329                                    | p2            |
| org.eclipse.cdt.make.ui:8.2.0.202211062329                                      | p2            |
| org.eclipse.cdt.managedbuilder.core:9.5.0.202211211546                          | p2            |
| org.eclipse.cdt.managedbuilder.gnu.ui:8.5.0.202211211546                        | p2            |
| org.eclipse.cdt.managedbuilder.headlessbuilderapp:1.1.0.202211062329            | p2            |
| org.eclipse.cdt.managedbuilder.ui:9.4.0.202211211546                            | p2            |
| org.eclipse.cdt.native.serial:1.3.0.202211300214                                | p2            |
| org.eclipse.cdt.platform.branding:11.0.0.202211062329                           | p2            |
| org.eclipse.cdt.sdk:11.0.0.202211062329                                         | p2            |
| org.eclipse.cdt.ui:8.0.0.202211292120                                           | p2            |
| org.eclipse.cdt:11.0.0.202211062329                                             | p2            |
| org.eclipse.cdt_root:11.0.0.202211300214                                        | p2            |
| org.eclipse.launchbar.core:2.5.0.202211062329                                   | p2            |
| org.eclipse.launchbar.ui:2.5.0.202211062329                                     | p2            |
| org.eclipse.platform_root:4.26.0.v20221123-2302                                 | p2            |
| org.eclipse.rcp_root:4.26.0.v20221123-2302                                      | p2            |
| org.eclipse.tm.terminal.control:5.4.0.202211062329                              | p2            |
| org.eclipse.tools.templates.core:1.3.0.202211062329                             | p2            |
| org.eclipse.tools.templates.freemarker:1.3.0.202211062329                       | p2            |
| org.eclipse.tools.templates.ui:1.4.0.202211062329                               | p2            |
| org.freemarker:2.3.22.v20160210-1233                                            | p2            |
| org.gradle.toolingapi:7.4.2.v20220510-1312-s                                    | p2            |
| org.hamcrest.core:1.3.0.v20180420-1519                                          | p2            |
| org.junit:4.13.2.v20211018-1956                                                 | p2            |
| org.slf4j.api:1.7.30.v20200204-2150                                             | p2            |
| org.w3c.css.sac:1.3.1.v200903091627                                             | p2            |
| org.w3c.dom.events:3.0.0.draft20060413_v201105210656                            | p2            |
| org.w3c.dom.smil:1.0.1.v200903091627                                            | p2            |
| org.w3c.dom.svg:1.1.0.v201011041433                                             | p2            |
+---------------------------------------------------------------------------------+---------------+


]