dev.equo.solstice.p2.P2Test.queryOffline=[
+---------------------------------------------------------------------------------+------------------------+
| maven coordinate / p2 id                                                        | repo                   |
+---------------------------------------------------------------------------------+------------------------+
| com.ibm.icu:icu4j:67.1                                                          | maven central          |
| commons-fileupload:commons-fileupload:1.4                                       | maven central          |
| commons-io:commons-io:2.11.0                                                    | maven central          |
| jakarta.servlet:jakarta.servlet-api:4.0.4                                       | maven central          |
| javax.servlet.jsp:javax.servlet.jsp-api:2.3.3                                   | maven central          |
| net.java.dev.jna:jna-platform:5.8.0                                             | maven central          |
| net.java.dev.jna:jna:5.8.0                                                      | maven central          |
| org.apache.felix:org.apache.felix.gogo.command:1.1.2                            | maven central          |
| org.apache.felix:org.apache.felix.gogo.runtime:1.1.6                            | maven central          |
| org.apache.felix:org.apache.felix.gogo.shell:1.1.4                              | maven central          |
| org.apache.felix:org.apache.felix.scr:2.2.2                                     | maven central          |
| org.apiguardian:apiguardian-api:1.1.2                                           | maven central          |
| org.eclipse.jetty:jetty-http:10.0.11                                            | maven central          |
| org.eclipse.jetty:jetty-io:10.0.11                                              | maven central          |
| org.eclipse.jetty:jetty-security:10.0.11                                        | maven central          |
| org.eclipse.jetty:jetty-server:10.0.11                                          | maven central          |
| org.eclipse.jetty:jetty-servlet:10.0.11                                         | maven central          |
| org.eclipse.jetty:jetty-util-ajax:10.0.11                                       | maven central          |
| org.eclipse.jetty:jetty-util:10.0.11                                            | maven central          |
| org.junit.platform:junit-platform-commons:1.9.0                                 | maven central          |
| org.junit.platform:junit-platform-engine:1.9.0                                  | maven central          |
| org.junit.platform:junit-platform-launcher:1.9.0                                | maven central          |
| org.opentest4j:opentest4j:1.2.0                                                 | maven central          |
| org.osgi:org.osgi.service.cm:1.6.1                                              | maven central          |
| org.osgi:org.osgi.service.component:1.5.0                                       | maven central          |
| org.osgi:org.osgi.service.device:1.1.1                                          | maven central          |
| org.osgi:org.osgi.service.event:1.4.1                                           | maven central          |
| org.osgi:org.osgi.service.metatype:1.4.1                                        | maven central          |
| org.osgi:org.osgi.service.prefs:1.1.2                                           | maven central          |
| org.osgi:org.osgi.service.provisioning:1.2.0                                    | maven central          |
| org.osgi:org.osgi.service.upnp:1.2.1                                            | maven central          |
| org.osgi:org.osgi.service.useradmin:1.1.1                                       | maven central          |
| org.osgi:org.osgi.service.wireadmin:1.0.2                                       | maven central          |
| org.osgi:org.osgi.util.function:1.2.0                                           | maven central          |
| org.osgi:org.osgi.util.measurement:1.0.2                                        | maven central          |
| org.osgi:org.osgi.util.position:1.0.1                                           | maven central          |
| org.osgi:org.osgi.util.promise:1.2.0                                            | maven central          |
| org.osgi:org.osgi.util.xml:1.0.2                                                | maven central          |
| org.ow2.sat4j:org.ow2.sat4j.core:2.3.6                                          | maven central          |
| org.ow2.sat4j:org.ow2.sat4j.pb:2.3.6                                            | maven central          |
| org.tukaani:xz:1.9                                                              | maven central          |
| org.eclipse.ecf:org.eclipse.ecf.filetransfer:5.1.102                            | maven central?         |
| org.eclipse.ecf:org.eclipse.ecf.identity:3.9.402                                | maven central?         |
| org.eclipse.ecf:org.eclipse.ecf.provider.filetransfer.httpclient5.win32:1.0.400 | maven central?         |
| org.eclipse.ecf:org.eclipse.ecf.provider.filetransfer.httpclient5:1.0.300       | maven central?         |
| org.eclipse.ecf:org.eclipse.ecf.provider.filetransfer.ssl:1.0.201               | maven central?         |
| org.eclipse.ecf:org.eclipse.ecf.provider.filetransfer:3.2.800                   | maven central?         |
| org.eclipse.ecf:org.eclipse.ecf.ssl:1.2.401                                     | maven central?         |
| org.eclipse.ecf:org.eclipse.ecf:3.10.0                                          | maven central?         |
| org.eclipse.emf:org.eclipse.emf.common:2.26.0                                   | maven central?         |
| org.eclipse.emf:org.eclipse.emf.ecore.change:2.14.0                             | maven central?         |
| org.eclipse.emf:org.eclipse.emf.ecore.xmi:2.17.0                                | maven central?         |
| org.eclipse.emf:org.eclipse.emf.ecore:2.28.0                                    | maven central?         |
| org.eclipse.jdt:org.eclipse.jdt.annotation:2.2.700                              | maven central?         |
| org.eclipse.jdt:org.eclipse.jdt.core:3.31.0                                     | maven central?         |
| org.eclipse.platform:org.eclipse.ant.core:3.6.500                               | maven central?         |
| org.eclipse.platform:org.eclipse.compare.core:3.7.100                           | maven central?         |
| org.eclipse.platform:org.eclipse.compare.win32:1.2.900                          | maven central?         |
| org.eclipse.platform:org.eclipse.compare:3.8.500                                | maven central?         |
| org.eclipse.platform:org.eclipse.core.commands:3.10.200                         | maven central?         |
| org.eclipse.platform:org.eclipse.core.contenttype:3.8.200                       | maven central?         |
| org.eclipse.platform:org.eclipse.core.databinding.beans:1.8.0                   | maven central?         |
| org.eclipse.platform:org.eclipse.core.databinding.observable:1.12.0             | maven central?         |
| org.eclipse.platform:org.eclipse.core.databinding.property:1.9.0                | maven central?         |
| org.eclipse.platform:org.eclipse.core.databinding:1.11.100                      | maven central?         |
| org.eclipse.platform:org.eclipse.core.expressions:3.8.200                       | maven central?         |
| org.eclipse.platform:org.eclipse.core.externaltools:1.2.300                     | maven central?         |
| org.eclipse.platform:org.eclipse.core.filebuffers:3.7.200                       | maven central?         |
| org.eclipse.platform:org.eclipse.core.filesystem.linux.aarch64:1.4.200          | maven central?         |
| org.eclipse.platform:org.eclipse.core.filesystem.linux.ppc64le:1.4.200          | maven central?         |
| org.eclipse.platform:org.eclipse.core.filesystem.linux.x86_64:1.2.400           | maven central?         |
| org.eclipse.platform:org.eclipse.core.filesystem.macosx:1.3.400                 | maven central?         |
| org.eclipse.platform:org.eclipse.core.filesystem.win32.x86_64:1.4.300           | maven central?         |
| org.eclipse.platform:org.eclipse.core.filesystem:1.9.500                        | maven central?         |
| org.eclipse.platform:org.eclipse.core.jobs:3.13.100                             | maven central?         |
| org.eclipse.platform:org.eclipse.core.net.linux:1.0.200                         | maven central?         |
| org.eclipse.platform:org.eclipse.core.net.win32.x86_64:1.1.700                  | maven central?         |
| org.eclipse.platform:org.eclipse.core.net.win32:1.0.100                         | maven central?         |
| org.eclipse.platform:org.eclipse.core.net:1.4.0                                 | maven central?         |
| org.eclipse.platform:org.eclipse.core.resources.win32.x86_64:3.5.500            | maven central?         |
| org.eclipse.platform:org.eclipse.core.resources:3.18.0                          | maven central?         |
| org.eclipse.platform:org.eclipse.core.runtime:3.26.0                            | maven central?         |
| org.eclipse.platform:org.eclipse.core.variables:3.5.100                         | maven central?         |
| org.eclipse.platform:org.eclipse.debug.core:3.20.0                              | maven central?         |
| org.eclipse.platform:org.eclipse.debug.ui.launchview:1.0.300                    | maven central?         |
| org.eclipse.platform:org.eclipse.debug.ui:3.17.0                                | maven central?         |
| org.eclipse.platform:org.eclipse.e4.core.commands:1.0.200                       | maven central?         |
| org.eclipse.platform:org.eclipse.e4.core.contexts:1.11.0                        | maven central?         |
| org.eclipse.platform:org.eclipse.e4.core.di.annotations:1.7.200                 | maven central?         |
| org.eclipse.platform:org.eclipse.e4.core.di.extensions.supplier:0.16.400        | maven central?         |
| org.eclipse.platform:org.eclipse.e4.core.di.extensions:0.17.200                 | maven central?         |
| org.eclipse.platform:org.eclipse.e4.core.di:1.8.300                             | maven central?         |
| org.eclipse.platform:org.eclipse.e4.core.services:2.3.300                       | maven central?         |
| org.eclipse.platform:org.eclipse.e4.emf.xpath:0.3.0                             | maven central?         |
| org.eclipse.platform:org.eclipse.e4.ui.bindings:0.13.100                        | maven central?         |
| org.eclipse.platform:org.eclipse.e4.ui.css.core:0.13.300                        | maven central?         |
| org.eclipse.platform:org.eclipse.e4.ui.css.swt.theme:0.13.100                   | maven central?         |
| org.eclipse.platform:org.eclipse.e4.ui.css.swt:0.14.600                         | maven central?         |
| org.eclipse.platform:org.eclipse.e4.ui.di:1.4.0                                 | maven central?         |
| org.eclipse.platform:org.eclipse.e4.ui.dialogs:1.3.300                          | maven central?         |
| org.eclipse.platform:org.eclipse.e4.ui.ide:3.16.100                             | maven central?         |
| org.eclipse.platform:org.eclipse.e4.ui.model.workbench:2.2.200                  | maven central?         |
| org.eclipse.platform:org.eclipse.e4.ui.progress:0.3.500                         | maven central?         |
| org.eclipse.platform:org.eclipse.e4.ui.services:1.5.0                           | maven central?         |
| org.eclipse.platform:org.eclipse.e4.ui.swt.gtk:1.1.100                          | maven central?         |
| org.eclipse.platform:org.eclipse.e4.ui.swt.win32:1.1.0                          | maven central?         |
| org.eclipse.platform:org.eclipse.e4.ui.widgets:1.3.0                            | maven central?         |
| org.eclipse.platform:org.eclipse.e4.ui.workbench.addons.swt:1.4.400             | maven central?         |
| org.eclipse.platform:org.eclipse.e4.ui.workbench.renderers.swt.cocoa:0.12.600   | maven central?         |
| org.eclipse.platform:org.eclipse.e4.ui.workbench.renderers.swt:0.15.600         | maven central?         |
| org.eclipse.platform:org.eclipse.e4.ui.workbench.swt:0.16.600                   | maven central?         |
| org.eclipse.platform:org.eclipse.e4.ui.workbench3:0.16.0                        | maven central?         |
| org.eclipse.platform:org.eclipse.e4.ui.workbench:1.13.200                       | maven central?         |
| org.eclipse.platform:org.eclipse.equinox.app:1.6.200                            | maven central?         |
| org.eclipse.platform:org.eclipse.equinox.bidi:1.4.200                           | maven central?         |
| org.eclipse.platform:org.eclipse.equinox.common:3.16.200                        | maven central?         |
| org.eclipse.platform:org.eclipse.equinox.concurrent:1.2.100                     | maven central?         |
| org.eclipse.platform:org.eclipse.equinox.console:1.4.500                        | maven central?         |
| org.eclipse.platform:org.eclipse.equinox.event:1.6.100                          | maven central?         |
| org.eclipse.platform:org.eclipse.equinox.frameworkadmin.equinox:1.2.200         | maven central?         |
| org.eclipse.platform:org.eclipse.equinox.frameworkadmin:2.2.100                 | maven central?         |
| org.eclipse.platform:org.eclipse.equinox.http.jetty:3.8.100                     | maven central?         |
| org.eclipse.platform:org.eclipse.equinox.http.registry:1.3.200                  | maven central?         |
| org.eclipse.platform:org.eclipse.equinox.http.servlet:1.7.300                   | maven central?         |
| org.eclipse.platform:org.eclipse.equinox.jsp.jasper.registry:1.2.100            | maven central?         |
| org.eclipse.platform:org.eclipse.equinox.jsp.jasper:1.1.700                     | maven central?         |
| org.eclipse.platform:org.eclipse.equinox.launcher.cocoa.macosx.aarch64:1.2.600  | maven central?         |
| org.eclipse.platform:org.eclipse.equinox.launcher.cocoa.macosx.x86_64:1.2.600   | maven central?         |
| org.eclipse.platform:org.eclipse.equinox.launcher.gtk.linux.aarch64:1.2.600     | maven central?         |
| org.eclipse.platform:org.eclipse.equinox.launcher.gtk.linux.ppc64le:1.2.600     | maven central?         |
| org.eclipse.platform:org.eclipse.equinox.launcher.gtk.linux.x86_64:1.2.600      | maven central?         |
| org.eclipse.platform:org.eclipse.equinox.launcher.win32.win32.x86_64:1.2.600    | maven central?         |
| org.eclipse.platform:org.eclipse.equinox.launcher:1.6.400                       | maven central?         |
| org.eclipse.platform:org.eclipse.equinox.p2.artifact.repository:1.4.500         | maven central?         |
| org.eclipse.platform:org.eclipse.equinox.p2.console:1.2.0                       | maven central?         |
| org.eclipse.platform:org.eclipse.equinox.p2.core:2.9.200                        | maven central?         |
| org.eclipse.platform:org.eclipse.equinox.p2.director.app:1.2.200                | maven central?         |
| org.eclipse.platform:org.eclipse.equinox.p2.director:2.5.400                    | maven central?         |
| org.eclipse.platform:org.eclipse.equinox.p2.directorywatcher:1.3.0              | maven central?         |
| org.eclipse.platform:org.eclipse.equinox.p2.engine:2.7.500                      | maven central?         |
| org.eclipse.platform:org.eclipse.equinox.p2.extensionlocation:1.4.100           | maven central?         |
| org.eclipse.platform:org.eclipse.equinox.p2.garbagecollector:1.2.0              | maven central?         |
| org.eclipse.platform:org.eclipse.equinox.p2.jarprocessor:1.2.300                | maven central?         |
| org.eclipse.platform:org.eclipse.equinox.p2.metadata.repository:1.4.100         | maven central?         |
| org.eclipse.platform:org.eclipse.equinox.p2.metadata:2.6.300                    | maven central?         |
| org.eclipse.platform:org.eclipse.equinox.p2.operations:2.6.100                  | maven central?         |
| org.eclipse.platform:org.eclipse.equinox.p2.publisher.eclipse:1.4.100           | maven central?         |
| org.eclipse.platform:org.eclipse.equinox.p2.publisher:1.7.200                   | maven central?         |
| org.eclipse.platform:org.eclipse.equinox.p2.reconciler.dropins:1.4.100          | maven central?         |
| org.eclipse.platform:org.eclipse.equinox.p2.repository.tools:2.3.100            | maven central?         |
| org.eclipse.platform:org.eclipse.equinox.p2.repository:2.6.200                  | maven central?         |
| org.eclipse.platform:org.eclipse.equinox.p2.touchpoint.eclipse:2.3.300          | maven central?         |
| org.eclipse.platform:org.eclipse.equinox.p2.touchpoint.natives:1.4.400          | maven central?         |
| org.eclipse.platform:org.eclipse.equinox.p2.transport.ecf:1.3.300               | maven central?         |
| org.eclipse.platform:org.eclipse.equinox.p2.ui.importexport:1.3.300             | maven central?         |
| org.eclipse.platform:org.eclipse.equinox.p2.ui.sdk.scheduler:1.5.400            | maven central?         |
| org.eclipse.platform:org.eclipse.equinox.p2.ui.sdk:1.2.100                      | maven central?         |
| org.eclipse.platform:org.eclipse.equinox.p2.ui:2.7.600                          | maven central?         |
| org.eclipse.platform:org.eclipse.equinox.p2.updatechecker:1.3.0                 | maven central?         |
| org.eclipse.platform:org.eclipse.equinox.p2.updatesite:1.2.300                  | maven central?         |
| org.eclipse.platform:org.eclipse.equinox.preferences:3.10.100                   | maven central?         |
| org.eclipse.platform:org.eclipse.equinox.registry:3.11.200                      | maven central?         |
| org.eclipse.platform:org.eclipse.equinox.security.linux:1.0.200                 | maven central?         |
| org.eclipse.platform:org.eclipse.equinox.security.macosx:1.101.400              | maven central?         |
| org.eclipse.platform:org.eclipse.equinox.security.ui:1.3.300                    | maven central?         |
| org.eclipse.platform:org.eclipse.equinox.security.win32.x86_64:1.1.300          | maven central?         |
| org.eclipse.platform:org.eclipse.equinox.security:1.3.1000                      | maven central?         |
| org.eclipse.platform:org.eclipse.equinox.simpleconfigurator.manipulator:2.2.0   | maven central?         |
| org.eclipse.platform:org.eclipse.equinox.simpleconfigurator:1.4.100             | maven central?         |
| org.eclipse.platform:org.eclipse.equinox.supplement:1.10.600                    | maven central?         |
| org.eclipse.platform:org.eclipse.help.base:4.3.800                              | maven central?         |
| org.eclipse.platform:org.eclipse.help.ui:4.4.100                                | maven central?         |
| org.eclipse.platform:org.eclipse.help.webapp:3.10.800                           | maven central?         |
| org.eclipse.platform:org.eclipse.help:3.9.100                                   | maven central?         |
| org.eclipse.platform:org.eclipse.jface.databinding:1.13.0                       | maven central?         |
| org.eclipse.platform:org.eclipse.jface.notifications:0.5.0                      | maven central?         |
| org.eclipse.platform:org.eclipse.jface.text:3.21.0                              | maven central?         |
| org.eclipse.platform:org.eclipse.jface:3.27.0                                   | maven central?         |
| org.eclipse.platform:org.eclipse.jsch.core:1.4.0                                | maven central?         |
| org.eclipse.platform:org.eclipse.jsch.ui:1.4.200                                | maven central?         |
| org.eclipse.platform:org.eclipse.ltk.core.refactoring:3.13.0                    | maven central?         |
| org.eclipse.platform:org.eclipse.ltk.ui.refactoring:3.12.200                    | maven central?         |
| org.eclipse.platform:org.eclipse.osgi.compatibility.state:1.2.700               | maven central?         |
| org.eclipse.platform:org.eclipse.osgi.services:3.11.0                           | maven central?         |
| org.eclipse.platform:org.eclipse.osgi.util:3.7.100                              | maven central?         |
| org.eclipse.platform:org.eclipse.osgi:3.18.100                                  | maven central?         |
| org.eclipse.platform:org.eclipse.platform.doc.user:4.25.0                       | maven central?         |
| org.eclipse.platform:org.eclipse.platform:4.25.0                                | maven central?         |
| org.eclipse.platform:org.eclipse.rcp:4.25.0                                     | maven central?         |
| org.eclipse.platform:org.eclipse.search:3.14.200                                | maven central?         |
| org.eclipse.platform:org.eclipse.swt.cocoa.macosx.aarch64:3.121.0               | maven central?         |
| org.eclipse.platform:org.eclipse.swt.cocoa.macosx.x86_64:3.121.0                | maven central?         |
| org.eclipse.platform:org.eclipse.swt.gtk.linux.aarch64:3.121.0                  | maven central?         |
| org.eclipse.platform:org.eclipse.swt.gtk.linux.ppc64le:3.121.0                  | maven central?         |
| org.eclipse.platform:org.eclipse.swt.gtk.linux.x86_64:3.121.0                   | maven central?         |
| org.eclipse.platform:org.eclipse.swt.win32.win32.x86_64:3.121.0                 | maven central?         |
| org.eclipse.platform:org.eclipse.swt:3.121.0                                    | maven central?         |
| org.eclipse.platform:org.eclipse.team.core:3.9.500                              | maven central?         |
| org.eclipse.platform:org.eclipse.team.genericeditor.diff.extension:1.1.100      | maven central?         |
| org.eclipse.platform:org.eclipse.team.ui:3.9.400                                | maven central?         |
| org.eclipse.platform:org.eclipse.text.quicksearch:1.1.300                       | maven central?         |
| org.eclipse.platform:org.eclipse.text:3.12.200                                  | maven central?         |
| org.eclipse.platform:org.eclipse.ui.browser:3.7.200                             | maven central?         |
| org.eclipse.platform:org.eclipse.ui.cheatsheets:3.7.400                         | maven central?         |
| org.eclipse.platform:org.eclipse.ui.cocoa:1.2.400                               | maven central?         |
| org.eclipse.platform:org.eclipse.ui.console:3.11.300                            | maven central?         |
| org.eclipse.platform:org.eclipse.ui.editors:3.14.400                            | maven central?         |
| org.eclipse.platform:org.eclipse.ui.externaltools:3.5.200                       | maven central?         |
| org.eclipse.platform:org.eclipse.ui.forms:3.11.400                              | maven central?         |
| org.eclipse.platform:org.eclipse.ui.genericeditor:1.2.200                       | maven central?         |
| org.eclipse.platform:org.eclipse.ui.ide.application:1.4.500                     | maven central?         |
| org.eclipse.platform:org.eclipse.ui.ide:3.19.100                                | maven central?         |
| org.eclipse.platform:org.eclipse.ui.intro.quicklinks:1.1.200                    | maven central?         |
| org.eclipse.platform:org.eclipse.ui.intro.universal:3.4.300                     | maven central?         |
| org.eclipse.platform:org.eclipse.ui.intro:3.6.600                               | maven central?         |
| org.eclipse.platform:org.eclipse.ui.monitoring:1.2.200                          | maven central?         |
| org.eclipse.platform:org.eclipse.ui.navigator.resources:3.8.400                 | maven central?         |
| org.eclipse.platform:org.eclipse.ui.navigator:3.10.300                          | maven central?         |
| org.eclipse.platform:org.eclipse.ui.net:1.4.100                                 | maven central?         |
| org.eclipse.platform:org.eclipse.ui.themes:1.2.2000                             | maven central?         |
| org.eclipse.platform:org.eclipse.ui.views.log:1.3.300                           | maven central?         |
| org.eclipse.platform:org.eclipse.ui.views.properties.tabbed:3.9.200             | maven central?         |
| org.eclipse.platform:org.eclipse.ui.views:3.11.200                              | maven central?         |
| org.eclipse.platform:org.eclipse.ui.win32:3.4.400                               | maven central?         |
| org.eclipse.platform:org.eclipse.ui.workbench.texteditor:3.16.600               | maven central?         |
| org.eclipse.platform:org.eclipse.ui.workbench:3.126.0                           | maven central?         |
| org.eclipse.platform:org.eclipse.ui:3.201.100                                   | maven central?         |
| org.eclipse.platform:org.eclipse.update.configurator:3.4.900                    | maven central?         |
| org.eclipse.platform:org.eclipse.urischeme:1.2.100                              | maven central?         |
| com.jcraft.jsch:0.1.55.v20190404-1902                                           | p2 R-4.25-202208311800 |
| com.sun.el:2.2.0.v201303151357                                                  | p2 R-4.25-202208311800 |
| javax.annotation:1.3.5.v20200909-1856                                           | p2 R-4.25-202208311800 |
| javax.el:2.2.0.v201303151357                                                    | p2 R-4.25-202208311800 |
| javax.inject:1.0.0.v20220405-0441                                               | p2 R-4.25-202208311800 |
| org.apache.ant:1.10.12.v20211102-1452                                           | p2 R-4.25-202208311800 |
| org.apache.batik.constants:1.14.0.v20210324-0332                                | p2 R-4.25-202208311800 |
| org.apache.batik.css:1.14.0.v20210324-0332                                      | p2 R-4.25-202208311800 |
| org.apache.batik.i18n:1.14.0.v20210324-0332                                     | p2 R-4.25-202208311800 |
| org.apache.batik.util:1.14.0.v20210324-0332                                     | p2 R-4.25-202208311800 |
| org.apache.commons.codec:1.14.0.v20200818-1422                                  | p2 R-4.25-202208311800 |
| org.apache.commons.jxpath:1.3.0.v200911051830                                   | p2 R-4.25-202208311800 |
| org.apache.commons.logging:1.2.0.v20180409-1502                                 | p2 R-4.25-202208311800 |
| org.apache.httpcomponents.client5.httpclient5-win:5.1.2.v20211217-1500          | p2 R-4.25-202208311800 |
| org.apache.httpcomponents.client5.httpclient5:5.1.2.v20211217-1500              | p2 R-4.25-202208311800 |
| org.apache.httpcomponents.core5.httpcore5-h2:5.1.2.v20211217-1500               | p2 R-4.25-202208311800 |
| org.apache.httpcomponents.core5.httpcore5:5.1.2.v20211217-1500                  | p2 R-4.25-202208311800 |
| org.apache.jasper.glassfish:2.2.2.v201501141630                                 | p2 R-4.25-202208311800 |
| org.apache.lucene.analyzers-common:8.4.1.v20200122-1459                         | p2 R-4.25-202208311800 |
| org.apache.lucene.analyzers-smartcn:8.4.1.v20200122-1459                        | p2 R-4.25-202208311800 |
| org.apache.lucene.core:8.4.1.v20200122-1459                                     | p2 R-4.25-202208311800 |
| org.apache.xmlgraphics:2.6.0.v20210409-0748                                     | p2 R-4.25-202208311800 |
| org.bouncycastle.bcpg:1.71.0.v20220723-1943                                     | p2 R-4.25-202208311800 |
| org.bouncycastle.bcprov:1.71.0.v20220723-1943                                   | p2 R-4.25-202208311800 |
| org.hamcrest.core:1.3.0.v20180420-1519                                          | p2 R-4.25-202208311800 |
| org.junit:4.13.2.v20211018-1956                                                 | p2 R-4.25-202208311800 |
| org.slf4j.api:1.7.30.v20200204-2150                                             | p2 R-4.25-202208311800 |
| org.w3c.css.sac:1.3.1.v200903091627                                             | p2 R-4.25-202208311800 |
| org.w3c.dom.events:3.0.0.draft20060413_v201105210656                            | p2 R-4.25-202208311800 |
| org.w3c.dom.smil:1.0.1.v200903091627                                            | p2 R-4.25-202208311800 |
| org.w3c.dom.svg:1.1.0.v201011041433                                             | p2 R-4.25-202208311800 |
+---------------------------------------------------------------------------------+------------------------+

]


dev.equo.solstice.p2.P2Test.queryPlatformSpecific[all-platforms]=[
+-------------------------------------------------------------------+----------------+
| maven coordinate / p2 id                                          | repo           |
+-------------------------------------------------------------------+----------------+
| org.eclipse.platform:org.eclipse.swt.cocoa.macosx.aarch64:3.121.0 | maven central? |
| org.eclipse.platform:org.eclipse.swt.cocoa.macosx.x86_64:3.121.0  | maven central? |
| org.eclipse.platform:org.eclipse.swt.gtk.linux.aarch64:3.121.0    | maven central? |
| org.eclipse.platform:org.eclipse.swt.gtk.linux.ppc64le:3.121.0    | maven central? |
| org.eclipse.platform:org.eclipse.swt.gtk.linux.x86_64:3.121.0     | maven central? |
| org.eclipse.platform:org.eclipse.swt.win32.win32.x86_64:3.121.0   | maven central? |
| org.eclipse.platform:org.eclipse.swt:3.121.0                      | maven central? |
+-------------------------------------------------------------------+----------------+

]


dev.equo.solstice.p2.P2Test.queryPlatformSpecific[mac-only]=[
+-------------------------------------------------------------------+----------------+
| maven coordinate / p2 id                                          | repo           |
+-------------------------------------------------------------------+----------------+
| org.eclipse.platform:org.eclipse.swt.cocoa.macosx.aarch64:3.121.0 | maven central? |
| org.eclipse.platform:org.eclipse.swt:3.121.0                      | maven central? |
+-------------------------------------------------------------------+----------------+

]