dev.equo.ide.gradle.EquoListTest.allCategories=[
+----------------------------------------------+--------------------------------------------+
| id                                           | name                                       |
+----------------------------------------------+--------------------------------------------+
| I20221123-1800.Default                       | Uncategorized                              |
| org.eclipse.equinox.target.categoryIU        | Equinox Target Components                  |
| org.eclipse.platform.ide.categoryIU          | Eclipse Platform                           |
| org.eclipse.platform.sdk.categoryIU          | Eclipse Platform SDK                       |
| org.eclipse.rcp.categoryIU                   | Eclipse RCP Target Components              |
| org.eclipse.releng.java.languages.categoryIU | Eclipse Java Development Tools             |
| org.eclipse.releng.pde.categoryIU            | Eclipse Plugin Development Tools           |
| org.eclipse.releng.testsIU                   | Eclipse Tests, Tools, Examples, and Extras |
| org.eclipse.sdk.ide.categoryIU               | Eclipse SDK                                |
+----------------------------------------------+--------------------------------------------+
]


dev.equo.ide.gradle.EquoListTest.allFeatures=[
+-----------------------------------------------------------------------+---------------------------------------------------------------------+
| id                                                                    | name                                                                |
+-----------------------------------------------------------------------+---------------------------------------------------------------------+
| eclipse-junit-tests                                                   | eclipse-junit-tests                                                 |
| org.eclipse.core.runtime.feature.feature.group                        | Eclipse Core Runtime Infrastructure                                 |
| org.eclipse.e4.core.tools.feature.feature.group                       | Eclipse e4 Tools                                                    |
| org.eclipse.e4.core.tools.feature.source.feature.group                | Eclipse e4 Tools Developer Resources                                |
| org.eclipse.e4.rcp.feature.group                                      | Eclipse 4 Rich Client Platform                                      |
| org.eclipse.e4.rcp.source.feature.group                               | Eclipse 4 Rich Client Platform Developer Resources                  |
| org.eclipse.ecf.core.feature.feature.group                            | ECF Core Feature                                                    |
| org.eclipse.ecf.core.feature.source.feature.group                     | ECF Core Feature Developer Resources                                |
| org.eclipse.ecf.core.ssl.feature.feature.group                        | ECF Core SSL Feature                                                |
| org.eclipse.ecf.core.ssl.feature.source.feature.group                 | ECF Core SSL Feature Developer Resources                            |
| org.eclipse.ecf.filetransfer.feature.feature.group                    | ECF Filetransfer Feature                                            |
| org.eclipse.ecf.filetransfer.feature.source.feature.group             | ECF Filetransfer Feature Developer Resources                        |
| org.eclipse.ecf.filetransfer.httpclient5.feature.feature.group        | ECF Apache Httpclient 5 FileTransfer Provider                       |
| org.eclipse.ecf.filetransfer.httpclient5.feature.source.feature.group | ECF Apache Httpclient 5 FileTransfer Provider Developer Resources   |
| org.eclipse.ecf.filetransfer.ssl.feature.feature.group                | ECF Filetransfer SSL Feature                                        |
| org.eclipse.ecf.filetransfer.ssl.feature.source.feature.group         | ECF Filetransfer SSL Feature Developer Resources                    |
| org.eclipse.emf.common.feature.group                                  | EMF Common                                                          |
| org.eclipse.emf.common.source.feature.group                           | EMF Common Developer Resources                                      |
| org.eclipse.emf.databinding.edit.feature.group                        | EMF Edit Data Binding                                               |
| org.eclipse.emf.databinding.edit.source.feature.group                 | EMF Edit Data Binding Developer Resources                           |
| org.eclipse.emf.databinding.feature.group                             | EMF Data Binding                                                    |
| org.eclipse.emf.databinding.source.feature.group                      | EMF Data Binding Developer Resources                                |
| org.eclipse.emf.ecore.feature.group                                   | EMF - Eclipse Modeling Framework Core Runtime                       |
| org.eclipse.emf.ecore.source.feature.group                            | EMF - Eclipse Modeling Framework Core Runtime Developer Resources   |
| org.eclipse.emf.edit.feature.group                                    | EMF Edit                                                            |
| org.eclipse.emf.edit.source.feature.group                             | EMF Edit Developer Resources                                        |
| org.eclipse.equinox.compendium.sdk.feature.group                      | Equinox Compendium SDK                                              |
| org.eclipse.equinox.core.feature.feature.group                        | Equinox Core Function                                               |
| org.eclipse.equinox.core.feature.source.feature.group                 | Equinox Core Function Developer Resources                           |
| org.eclipse.equinox.core.sdk.feature.group                            | Equinox Core SDK                                                    |
| org.eclipse.equinox.executable                                        | Eclipse Platform Launcher Executables for Multi-Architecture Builds |
| org.eclipse.equinox.executable.feature.group                          | Eclipse Platform Launcher Executables                               |
| org.eclipse.equinox.p2.core.feature.feature.group                     | Equinox p2, headless functionalities                                |
| org.eclipse.equinox.p2.core.feature.source.feature.group              | Equinox p2 Core Function Source                                     |
| org.eclipse.equinox.p2.discovery.feature.feature.group                | Equinox p2, Discovery UI support                                    |
| org.eclipse.equinox.p2.discovery.feature.source.feature.group         | Eclipse p2 Discovery Developer Resources                            |
| org.eclipse.equinox.p2.extras.feature.feature.group                   | Equinox p2, backward compatibility support                          |
| org.eclipse.equinox.p2.extras.feature.source.feature.group            | Equinox p2 RCP Management Facilities                                |
| org.eclipse.equinox.p2.rcp.feature.feature.group                      | Equinox p2, minimal support for RCP applications                    |
| org.eclipse.equinox.p2.rcp.feature.source.feature.group               | Equinox p2 RCP Management Facilities Source                         |
| org.eclipse.equinox.p2.sdk.feature.group                              | Equinox p2, SDK                                                     |
| org.eclipse.equinox.p2.user.ui.feature.group                          | Equinox p2, Provisioning for IDEs.                                  |
| org.eclipse.equinox.p2.user.ui.source.feature.group                   | Eclipse p2 Provisioning Developer Resources                         |
| org.eclipse.equinox.sdk.feature.group                                 | Equinox Target Components                                           |
| org.eclipse.equinox.server.core.feature.group                         | Core Server Feature                                                 |
| org.eclipse.equinox.server.core.source.feature.group                  | Core Server Feature Developer Resources                             |
| org.eclipse.equinox.server.jetty.feature.group                        | Jetty Http Server Feature                                           |
| org.eclipse.equinox.server.jetty.source.feature.group                 | Jetty Http Server Feature Developer Resources                       |
| org.eclipse.equinox.server.p2.feature.group                           | p2 Server Feature                                                   |
| org.eclipse.equinox.server.p2.source.feature.group                    | p2 Server Feature Developer Resources                               |
| org.eclipse.help.feature.group                                        | Eclipse Help System                                                 |
| org.eclipse.help.source.feature.group                                 | Eclipse Help System Developer Resources                             |
| org.eclipse.jdt.feature.group                                         | Eclipse Java Development Tools                                      |
| org.eclipse.jdt.source.feature.group                                  | Eclipse JDT Plug-in Developer Resources                             |
| org.eclipse.jdt.ui.unittest.junit.feature.feature.group               | JUnit Test runner client for UnitTest View                          |
| org.eclipse.jdt.ui.unittest.junit.feature.source.feature.group        | JUnit Test runner client for UnitTest View Developer Resources      |
| org.eclipse.pde.feature.group                                         | Eclipse Plug-in Development Environment                             |
| org.eclipse.pde.source.feature.group                                  | Eclipse PDE Plug-in Developer Resources                             |
| org.eclipse.pde.unittest.junit.feature.group                          | Eclipse Plug-in Test runner client for UnitTest View (Experimental) |
| org.eclipse.pde.unittest.junit.source.feature.group                   | Eclipse PDE Plug-in Developer Unit Test support Resources           |
| org.eclipse.platform.feature.group                                    | Eclipse Platform                                                    |
| org.eclipse.platform.ide                                              | Eclipse Platform                                                    |
| org.eclipse.platform.sdk                                              | Eclipse Platform SDK                                                |
| org.eclipse.platform.source.feature.group                             | Eclipse Platform Developer Resources                                |
| org.eclipse.rcp.configuration.feature.group                           | Eclipse Product Configuration                                       |
| org.eclipse.rcp.feature.group                                         | Eclipse RCP                                                         |
| org.eclipse.rcp.id                                                    | Eclipse RCP                                                         |
| org.eclipse.rcp.sdk.id                                                | Eclipse RCP SDK                                                     |
| org.eclipse.rcp.source.feature.group                                  | Eclipse RCP Developer Resources                                     |
| org.eclipse.sdk.examples.feature.group                                | Eclipse SDK Examples                                                |
| org.eclipse.sdk.examples.source.feature.group                         | Eclipse SDK Examples Developer Resources                            |
| org.eclipse.sdk.feature.group                                         | Eclipse Project SDK                                                 |
| org.eclipse.sdk.ide                                                   | Eclipse SDK                                                         |
| org.eclipse.sdk.tests.feature.group                                   | Eclipse SDK Tests                                                   |
| org.eclipse.swt.tools.feature.feature.group                           | SWT Tools                                                           |
| org.eclipse.swt.tools.feature.source.feature.group                    | SWT Tools Developer Resources                                       |
| org.eclipse.test.feature.group                                        | Eclipse Test Framework                                              |
| org.eclipse.tips.feature.feature.group                                | Tip of the Day UI Feature                                           |
| org.eclipse.tips.feature.source.feature.group                         | Tip of the Day UI Feature Developer Resources                       |
+-----------------------------------------------------------------------+---------------------------------------------------------------------+
]


dev.equo.ide.gradle.EquoListTest.allJars=[
id,name
a.jre.javase,(null)
a.jre.javase,(null)
a.jre.javase,(null)
a.jre.javase,(null)
a.jre.javase,(null)
a.jre.javase,(null)
a.jre.javase,(null)
a.jre.javase,(null)
a.jre.javase,(null)
assertj-core,AssertJ fluent assertions
bcpg,bcpg
bcpg.source,Source Bundle for bcpg:1.72.0
bcprov,bcprov
bcprov.source,Source Bundle for bcprov:1.72.0
com.google.gson,Gson
com.google.gson.source,Source Bundle for com.google.gson:2.9.1
com.ibm.icu,ICU4J
com.ibm.icu.source,Source Bundle for com.ibm.icu:72.1.0
com.jcraft.jsch,JSch
com.jcraft.jsch.source,JSch Source
com.sun.el,Javax Expression Language Reference Implementation Bundle
com.sun.el.source,Javax El Reference Implementation Source Bundle
com.sun.jna,jna
com.sun.jna.platform,jna-platform
com.sun.jna.platform.source,Source Bundle for com.sun.jna.platform:5.12.1
com.sun.jna.source,Source Bundle for com.sun.jna:5.12.1
jakarta.servlet-api,Jakarta Servlet
jakarta.servlet-api.source,Source Bundle for jakarta.servlet-api:4.0.0
javax.annotation,Jakarta Annotations API
javax.annotation.source,Jakarta Annotations API Source
javax.el,Javax Expression Language Bundle
javax.el.source,javax.el Source Bundle
javax.inject,Jakarta Inject
javax.inject.source,Jakarta Inject Source
javax.servlet.jsp-api,JavaServer Pages(TM) API
javax.servlet.jsp-api.source,Source Bundle for javax.servlet.jsp-api:2.3.3
junit-jupiter-api,JUnit Jupiter API
junit-jupiter-api.source,Source Bundle for junit-jupiter-api:5.9.1
junit-jupiter-engine,JUnit Jupiter Engine
junit-jupiter-engine.source,Source Bundle for junit-jupiter-engine:5.9.1
junit-jupiter-migrationsupport,JUnit Jupiter Migration Support
junit-jupiter-migrationsupport.source,Source Bundle for junit-jupiter-migrationsupport:5.9.1
junit-jupiter-params,JUnit Jupiter Params
junit-jupiter-params.source,Source Bundle for junit-jupiter-params:5.9.1
junit-platform-commons,JUnit Platform Commons
junit-platform-commons.source,Source Bundle for junit-platform-commons:1.9.1
junit-platform-engine,JUnit Platform Engine API
junit-platform-engine.source,Source Bundle for junit-platform-engine:1.9.1
junit-platform-launcher,JUnit Platform Launcher
junit-platform-launcher.source,Source Bundle for junit-platform-launcher:1.9.1
junit-platform-runner,JUnit Platform Runner
junit-platform-runner.source,Source Bundle for junit-platform-runner:1.9.1
junit-platform-suite-api,JUnit Platform Suite API
junit-platform-suite-api.source,Source Bundle for junit-platform-suite-api:1.9.1
junit-platform-suite-commons,JUnit Platform Suite Commons
junit-platform-suite-commons.source,Source Bundle for junit-platform-suite-commons:1.9.1
junit-platform-suite-engine,JUnit Platform Suite Engine
junit-platform-suite-engine.source,Source Bundle for junit-platform-suite-engine:1.9.1
junit-vintage-engine,JUnit Vintage Engine
junit-vintage-engine.source,Source Bundle for junit-vintage-engine:5.9.1
net.bytebuddy.byte-buddy,Byte Buddy (without dependencies)
net.bytebuddy.byte-buddy-agent,Byte Buddy agent
org.apache.ant,Apache Ant
org.apache.ant.source,Apache Ant Source
org.apache.batik.constants,Batik constants library
org.apache.batik.constants.source,Batik constants library Source
org.apache.batik.css,Batik CSS engine
org.apache.batik.css.source,Batik CSS engine Source
org.apache.batik.i18n,Batik i18n library
org.apache.batik.i18n.source,Batik i18n library Source
org.apache.batik.util,Batik utility library
org.apache.batik.util.source,Batik utility library Source
org.apache.commons.codec,Apache Commons Codec
org.apache.commons.codec.source,Apache Commons Codec Source
org.apache.commons.commons-fileupload,Apache Commons FileUpload
org.apache.commons.commons-io,Apache Commons IO
org.apache.commons.jxpath,Apache Commons JXPath
org.apache.commons.jxpath.source,Apache Commons JXPath Source
org.apache.commons.logging,Apache Commons Logging
org.apache.commons.logging.source,Apache Commons Logging Source
org.apache.felix.gogo.command,Apache Felix Gogo Command
org.apache.felix.gogo.command.source,Source Bundle for org.apache.felix.gogo.command:1.1.2
org.apache.felix.gogo.runtime,Apache Felix Gogo Runtime
org.apache.felix.gogo.runtime.source,Source Bundle for org.apache.felix.gogo.runtime:1.1.6
org.apache.felix.gogo.shell,Apache Felix Gogo Shell
org.apache.felix.gogo.shell.source,Source Bundle for org.apache.felix.gogo.shell:1.1.4
org.apache.felix.scr,Apache Felix Declarative Services
org.apache.felix.scr.source,Source Bundle for org.apache.felix.scr:2.2.4
org.apache.httpcomponents.client5.httpclient5,Apache HttpClient
org.apache.httpcomponents.client5.httpclient5-win,Apache HttpClient5 Win32 Support
org.apache.httpcomponents.client5.httpclient5-win.source,Apache HttpClient5 Win32 Support Source
org.apache.httpcomponents.client5.httpclient5.source,Apache HttpClient Source
org.apache.httpcomponents.core5.httpcore5,Apache HttpComponents Core5 HTTP/1.1
org.apache.httpcomponents.core5.httpcore5-h2,Apache HttpComponents Core HTTP/2
org.apache.httpcomponents.core5.httpcore5-h2.source,Apache HttpComponents Core HTTP/2 Source
org.apache.httpcomponents.core5.httpcore5.source,Apache HttpComponents Core5 HTTP/1.1 Source
org.apache.jasper.glassfish,JSP 2.2 implementation from Glassfish
org.apache.jasper.glassfish.source,JSP 2.2 implementation from Glassfish Sources
org.apache.lucene.analyzers-common,Lucene Common Analyzers
org.apache.lucene.analyzers-common.source,Lucene Common Analyzers Source
org.apache.lucene.analyzers-smartcn,Lucene Smart Chinese Analyzer
org.apache.lucene.analyzers-smartcn.source,Lucene Smart Chinese Analyzer Source
org.apache.lucene.core,Lucene Core
org.apache.lucene.core.source,Lucene Core Source
org.apache.sshd.osgi,Apache Mina SSHD :: OSGi
org.apache.sshd.osgi.source,Source Bundle for org.apache.sshd.osgi:2.8.0
org.apache.xmlgraphics,Apache XML Graphics Commons
org.apache.xmlgraphics.source,Apache XML Graphics Commons Source
org.apiguardian.api,apiguardian-api
org.apiguardian.api.source,Source Bundle for org.apiguardian.api:1.1.2
org.eclipse.ant.core,Ant Build Tool Core
org.eclipse.ant.core.source,Ant Build Tool Core Source
org.eclipse.ant.launching,Ant Launching Support
org.eclipse.ant.launching.source,Ant Launching Support Source
org.eclipse.ant.optional.junit,Eclipse JUnit Fragment for Ant used in Eclipse Test Framework
org.eclipse.ant.tests.core,Ant Core Test Plugin
org.eclipse.ant.tests.ui,Ant UI Test Plugin
org.eclipse.ant.ui,Ant UI
org.eclipse.ant.ui.source,Ant UI Source
org.eclipse.compare,Compare Support
org.eclipse.compare.core,Core Compare Support
org.eclipse.compare.core.source,Core Compare Support Source
org.eclipse.compare.examples,Compare Example
org.eclipse.compare.examples.source,Compare Example Source
org.eclipse.compare.examples.xml,XML Compare Support
org.eclipse.compare.examples.xml.source,XML Compare Support Source
org.eclipse.compare.source,Compare Support Source
org.eclipse.compare.tests,Compare Tests
org.eclipse.compare.win32,Compare Support for Word
org.eclipse.compare.win32.source,Compare Support for Word Source
org.eclipse.core.commands,Commands
org.eclipse.core.commands.source,Commands Source
org.eclipse.core.contenttype,Eclipse Content Mechanism
org.eclipse.core.contenttype.source,Eclipse Content Mechanism Source
org.eclipse.core.databinding,JFace Data Binding
org.eclipse.core.databinding.beans,JFace Data Binding for JavaBeans
org.eclipse.core.databinding.beans.source,JFace Data Binding for JavaBeans Source
org.eclipse.core.databinding.observable,JFace Data Binding Observables
org.eclipse.core.databinding.observable.source,JFace Data Binding Observables Source
org.eclipse.core.databinding.property,JFace Data Binding Properties
org.eclipse.core.databinding.property.source,JFace Data Binding Properties Source
org.eclipse.core.databinding.source,JFace Data Binding Source
org.eclipse.core.expressions,Expression Language
org.eclipse.core.expressions.source,Expression Language Source
org.eclipse.core.expressions.tests,Expression Language Tests
org.eclipse.core.externaltools,External Tools Headless Support
org.eclipse.core.externaltools.source,External Tools Headless Support Source
org.eclipse.core.filebuffers,File Buffers
org.eclipse.core.filebuffers.source,File Buffers Source
org.eclipse.core.filebuffers.tests,File Buffers Test Plug-in
org.eclipse.core.filesystem,Core File Systems
org.eclipse.core.filesystem.linux.aarch64,Core File System for Linux Aarch64 bit
org.eclipse.core.filesystem.linux.aarch64.source,Core File System for Linux Aarch64 bit Source
org.eclipse.core.filesystem.linux.ppc64le,Core File System for Linux PPC 64 LE bit
org.eclipse.core.filesystem.linux.x86_64,Core File System for Linux
org.eclipse.core.filesystem.macosx,Core File System for Macintosh
org.eclipse.core.filesystem.source,Core File Systems Source
org.eclipse.core.filesystem.win32.x86_64,Core File System for Windows 64 bit
org.eclipse.core.jobs,Eclipse Jobs Mechanism
org.eclipse.core.jobs.source,Eclipse Jobs Mechanism Source
org.eclipse.core.net,Internet Connection Management
org.eclipse.core.net.linux,Proxy for Linux
org.eclipse.core.net.linux.source,Proxy for Linux Source
org.eclipse.core.net.source,Internet Connection Management Source
org.eclipse.core.net.win32,Proxy for Windows
org.eclipse.core.net.win32.source,Proxy for Windows Source
org.eclipse.core.net.win32.x86_64,Proxy for Windows
org.eclipse.core.net.win32.x86_64.source,Proxy for Windows Source
org.eclipse.core.resources,Core Resource Management
org.eclipse.core.resources.source,Core Resource Management Source
org.eclipse.core.resources.win32.x86_64,Core Resource Management Win32 Fragment
org.eclipse.core.runtime,Core Runtime
org.eclipse.core.runtime.source,Core Runtime Source
org.eclipse.core.tests.harness,Eclipse Core Tests Harness
org.eclipse.core.tests.net,Net Tests Plug-in
org.eclipse.core.tests.resources,Eclipse Core Tests Resources
org.eclipse.core.tests.runtime,Eclipse Core Tests Runtime
org.eclipse.core.variables,Core Variables
org.eclipse.core.variables.source,Core Variables Source
org.eclipse.debug.core,Debug Core
org.eclipse.debug.core.source,Debug Core Source
org.eclipse.debug.examples.core,Example Debug Core Plug-in
org.eclipse.debug.examples.core.source,Example Debug Core Plug-in Source
org.eclipse.debug.examples.ui,Example Debug UI Plug-in
org.eclipse.debug.examples.ui.source,Example Debug UI Plug-in Source
org.eclipse.debug.tests,Debug Test Plugin
org.eclipse.debug.ui,Debug UI
org.eclipse.debug.ui.launchview,Debug UI Launch Configuration View
org.eclipse.debug.ui.launchview.source,Debug UI Launch Configuration View Source
org.eclipse.debug.ui.source,Debug UI Source
org.eclipse.e4.core.commands,Eclipse e4 core commands
org.eclipse.e4.core.commands.source,Eclipse e4 core commands Source
org.eclipse.e4.core.commands.tests,Eclipse e4 core commands tests
org.eclipse.e4.core.contexts,Eclipse Contexts
org.eclipse.e4.core.contexts.source,Eclipse Contexts Source
org.eclipse.e4.core.di,Eclipse Dependency Injection
org.eclipse.e4.core.di.annotations,Eclipse Dependency Injection Annotations
org.eclipse.e4.core.di.annotations.source,Eclipse Dependency Injection Annotations Source
org.eclipse.e4.core.di.extensions,Eclipse Dependency Injection Extensions
org.eclipse.e4.core.di.extensions.source,Eclipse Dependency Injection Extensions Source
org.eclipse.e4.core.di.extensions.supplier,Eclipse Dependency Injection Extensions Supplier
org.eclipse.e4.core.di.extensions.supplier.source,Eclipse Dependency Injection Extensions Supplier Source
org.eclipse.e4.core.di.source,Eclipse Dependency Injection Source
org.eclipse.e4.core.services,Eclipse Application Services
org.eclipse.e4.core.services.source,Eclipse Application Services Source
org.eclipse.e4.core.tests,E4 Core Tests
org.eclipse.e4.emf.xpath,Eclipse Model Xpath
org.eclipse.e4.emf.xpath.source,Eclipse Model Xpath Source
org.eclipse.e4.tools,Tools
org.eclipse.e4.tools.compat,Compat
org.eclipse.e4.tools.compat.source,Compat Source
org.eclipse.e4.tools.emf.editor3x,Editor3x
org.eclipse.e4.tools.emf.editor3x.source,Editor3x Source
org.eclipse.e4.tools.emf.ui,EMF ModelTooling UI
org.eclipse.e4.tools.emf.ui.source,EMF ModelTooling UI Source
org.eclipse.e4.tools.jdt.templates,e4 JDT code templates
org.eclipse.e4.tools.jdt.templates.source,e4 JDT code templates Source
org.eclipse.e4.tools.services,Services
org.eclipse.e4.tools.services.source,Services Source
org.eclipse.e4.tools.source,Tools Source
org.eclipse.e4.ui.bindings,Eclipse Bindings Support
org.eclipse.e4.ui.bindings.source,Eclipse Bindings Support Source
org.eclipse.e4.ui.bindings.tests,UI Bindings Tests
org.eclipse.e4.ui.css.core,Eclipse CSS Core Support
org.eclipse.e4.ui.css.core.source,Eclipse CSS Core Support Source
org.eclipse.e4.ui.css.swt,Eclipse CSS SWT Support
org.eclipse.e4.ui.css.swt.source,Eclipse CSS SWT Support Source
org.eclipse.e4.ui.css.swt.theme,Eclipse CSS SWT Theme Support
org.eclipse.e4.ui.css.swt.theme.source,Eclipse CSS SWT Theme Support Source
org.eclipse.e4.ui.di,Eclipse UI Dependency Injection
org.eclipse.e4.ui.di.source,Eclipse UI Dependency Injection Source
org.eclipse.e4.ui.dialogs,Eclipse e4 dialogs
org.eclipse.e4.ui.dialogs.source,Eclipse e4 dialogs Source
org.eclipse.e4.ui.ide,E4 IDE UI
org.eclipse.e4.ui.ide.source,E4 IDE UI Source
org.eclipse.e4.ui.model.workbench,Eclipse Workbench Model
org.eclipse.e4.ui.model.workbench.source,Eclipse Workbench Model Source
org.eclipse.e4.ui.progress,Eclipse e4 Progress View
org.eclipse.e4.ui.progress.source,Eclipse e4 Progress View Source
org.eclipse.e4.ui.services,Eclipse UI Application Services
org.eclipse.e4.ui.services.source,Eclipse UI Application Services Source
org.eclipse.e4.ui.swt.gtk,Eclipse UI GTK Enhancements
org.eclipse.e4.ui.swt.gtk.source,Eclipse UI GTK Enhancements Source
org.eclipse.e4.ui.swt.win32,Eclipse UI WIN32 Enhancements
org.eclipse.e4.ui.swt.win32.source,Eclipse UI WIN32 Enhancements Source
org.eclipse.e4.ui.tests,TestModel Model
org.eclipse.e4.ui.tests.css.core,e4 css core tests
org.eclipse.e4.ui.tests.css.swt,e4 css swt tests (Incubation)
org.eclipse.e4.ui.widgets,Eclipse UI Custom widgets
org.eclipse.e4.ui.widgets.source,Eclipse UI Custom widgets Source
org.eclipse.e4.ui.workbench,Eclipse e4 Workbench
org.eclipse.e4.ui.workbench.addons.swt,Eclipse e4 Workbench Add-ons
org.eclipse.e4.ui.workbench.addons.swt.source,Eclipse e4 Workbench Add-ons Source
org.eclipse.e4.ui.workbench.renderers.swt,Eclipse e4 Workbench SWT Renderer
org.eclipse.e4.ui.workbench.renderers.swt.cocoa,Eclipse UI MacOS X Enhancements
org.eclipse.e4.ui.workbench.renderers.swt.cocoa.source,Eclipse UI MacOS X Enhancements Source
org.eclipse.e4.ui.workbench.renderers.swt.source,Eclipse e4 Workbench SWT Renderer Source
org.eclipse.e4.ui.workbench.source,Eclipse e4 Workbench Source
org.eclipse.e4.ui.workbench.swt,Eclipse e4 Workbench SWT
org.eclipse.e4.ui.workbench.swt.source,Eclipse e4 Workbench SWT Source
org.eclipse.e4.ui.workbench3,Bundle for Workbench APIs available in e4
org.eclipse.e4.ui.workbench3.source,Bundle for Workbench APIs available in e4 Source
org.eclipse.ecf,ECF Core API
org.eclipse.ecf.filetransfer,ECF Filetransfer API
org.eclipse.ecf.filetransfer.source,ECF Filetransfer API Source
org.eclipse.ecf.identity,ECF Identity Core API
org.eclipse.ecf.identity.source,ECF Identity Core API Source
org.eclipse.ecf.provider.filetransfer,ECF Filetransfer Provider
org.eclipse.ecf.provider.filetransfer.httpclient5,ECF HttpComponents 5 Filetransfer Provider
org.eclipse.ecf.provider.filetransfer.httpclient5.source,ECF HttpComponents 5 Filetransfer Provider Source
org.eclipse.ecf.provider.filetransfer.httpclient5.win32,ECF HttpComponents 4.5 Filetransfer Windows Components
org.eclipse.ecf.provider.filetransfer.httpclient5.win32.source,ECF HttpComponents 4.5 Filetransfer Windows Components Source
org.eclipse.ecf.provider.filetransfer.source,ECF Filetransfer Provider Source
org.eclipse.ecf.provider.filetransfer.ssl,ECF Filetransfer SSL Fragment
org.eclipse.ecf.provider.filetransfer.ssl.source,ECF Filetransfer SSL Fragment Source
org.eclipse.ecf.source,ECF Core API Source
org.eclipse.ecf.ssl,ECF SSL Fragment
org.eclipse.ecf.ssl.source,ECF SSL Fragment Source
org.eclipse.emf.common,EMF Common
org.eclipse.emf.common.source,EMF Common Source
org.eclipse.emf.databinding,EMF Data Binding
org.eclipse.emf.databinding.edit,EMF Edit Data Binding
org.eclipse.emf.databinding.edit.source,EMF Edit Data Binding Source
org.eclipse.emf.databinding.source,EMF Data Binding Source
org.eclipse.emf.ecore,EMF Ecore
org.eclipse.emf.ecore.change,EMF Change Model
org.eclipse.emf.ecore.change.source,EMF Change Model Source
org.eclipse.emf.ecore.source,EMF Ecore Source
org.eclipse.emf.ecore.xmi,EMF XML/XMI Persistence
org.eclipse.emf.ecore.xmi.source,EMF XML/XMI Persistence Source
org.eclipse.emf.edit,EMF Edit
org.eclipse.emf.edit.source,EMF Edit Source
org.eclipse.equinox.app,Equinox Application Container
org.eclipse.equinox.app.source,Equinox Application Container Source
org.eclipse.equinox.bidi,Bidirectional Text Support
org.eclipse.equinox.bidi.source,Bidirectional Text Support Source
org.eclipse.equinox.bidi.tests,BiDi tests
org.eclipse.equinox.cm,Configuration Admin
org.eclipse.equinox.cm.source,Configuration Admin Source
org.eclipse.equinox.common,Common Eclipse Runtime
org.eclipse.equinox.common.source,Common Eclipse Runtime Source
org.eclipse.equinox.common.tests,Common Eclipse Runtime Tests
org.eclipse.equinox.concurrent,Equinox Concurrent API
org.eclipse.equinox.concurrent.source,Equinox Concurrent API Source
org.eclipse.equinox.console,Console plug-in
org.eclipse.equinox.console.jaas.fragment,SSHD Fragment
org.eclipse.equinox.console.source,Console plug-in Source
org.eclipse.equinox.console.ssh,Console ssh support plug-in
org.eclipse.equinox.console.ssh.source,Console ssh support plug-in Source
org.eclipse.equinox.coordinator,Coordinator
org.eclipse.equinox.coordinator.source,Coordinator Source
org.eclipse.equinox.device,Device Access Service
org.eclipse.equinox.device.source,Device Access Service Source
org.eclipse.equinox.ds.tests,Declarative Services Tests
org.eclipse.equinox.event,Event Admin
org.eclipse.equinox.event.source,Event Admin Source
org.eclipse.equinox.executable_root.cocoa.macosx.aarch64,(null)
org.eclipse.equinox.executable_root.cocoa.macosx.x86_64,(null)
org.eclipse.equinox.executable_root.gtk.linux.aarch64,(null)
org.eclipse.equinox.executable_root.gtk.linux.ppc64le,(null)
org.eclipse.equinox.executable_root.gtk.linux.x86_64,(null)
org.eclipse.equinox.executable_root.win32.win32.x86_64,(null)
org.eclipse.equinox.frameworkadmin,Equinox Framework Admin
org.eclipse.equinox.frameworkadmin.equinox,Equinox Framework Admin for Equinox
org.eclipse.equinox.frameworkadmin.equinox.source,Equinox Framework Admin for Equinox Source
org.eclipse.equinox.frameworkadmin.source,Equinox Framework Admin Source
org.eclipse.equinox.frameworkadmin.test,Test Plug-in for Framework Admin
org.eclipse.equinox.http.jetty,Jetty Http Service
org.eclipse.equinox.http.jetty.source,Jetty Http Service Source
org.eclipse.equinox.http.registry,Http Service Registry Extensions
org.eclipse.equinox.http.registry.source,Http Service Registry Extensions Source
org.eclipse.equinox.http.servlet,Http Services Servlet
org.eclipse.equinox.http.servlet.source,Http Services Servlet Source
org.eclipse.equinox.http.servlet.tests,org.eclipse.equinox.http.servlet.tests
org.eclipse.equinox.http.servletbridge,Servletbridge Http Service
org.eclipse.equinox.http.servletbridge.source,Servletbridge Http Service Source
org.eclipse.equinox.jsp.jasper,Jasper Jsp Support Bundle
org.eclipse.equinox.jsp.jasper.registry,Jasper Jsp Registry Support Plug-in
org.eclipse.equinox.jsp.jasper.registry.source,Jasper Jsp Registry Support Plug-in Source
org.eclipse.equinox.jsp.jasper.source,Jasper Jsp Support Bundle Source
org.eclipse.equinox.launcher,Equinox Launcher
org.eclipse.equinox.launcher.cocoa.macosx,Equinox Launcher MacOSX Cocoa AARCH64/ARM64 Fragment
org.eclipse.equinox.launcher.cocoa.macosx.aarch64,Equinox Launcher MacOSX Cocoa AARCH64/ARM64 Fragment
org.eclipse.equinox.launcher.cocoa.macosx.x86_64,Equinox Launcher MacOSX Cocoa Fragment
org.eclipse.equinox.launcher.gtk.linux.aarch64,Equinox Launcher Linux AARCH64 Fragment
org.eclipse.equinox.launcher.gtk.linux.ppc64le,Equinox Launcher Linux PPC64le Fragment
org.eclipse.equinox.launcher.gtk.linux.x86_64,Equinox Launcher Linux X86_64 Fragment
org.eclipse.equinox.launcher.source,Equinox Launcher Source
org.eclipse.equinox.launcher.win32.win32.x86_64,Equinox Launcher Win32 X86_64 Fragment
org.eclipse.equinox.log.stream,Log Stream Provider
org.eclipse.equinox.log.stream.source,Log Stream Provider Source
org.eclipse.equinox.metatype,Meta Type
org.eclipse.equinox.metatype.source,Meta Type Source
org.eclipse.equinox.p2.artifact.repository,Equinox Provisioning Artifact Repository Support
org.eclipse.equinox.p2.artifact.repository.source,Equinox Provisioning Artifact Repository Support Source
org.eclipse.equinox.p2.console,Equinox Provisioning Console
org.eclipse.equinox.p2.console.source,Equinox Provisioning Console Source
org.eclipse.equinox.p2.core,Equinox Provisioning Core
org.eclipse.equinox.p2.core.source,Equinox Provisioning Core Source
org.eclipse.equinox.p2.director,Equinox Provisioning Director
org.eclipse.equinox.p2.director.app,Equinox Provisioning Director Application
org.eclipse.equinox.p2.director.app.source,Equinox Provisioning Director Application Source
org.eclipse.equinox.p2.director.source,Equinox Provisioning Director Source
org.eclipse.equinox.p2.directorywatcher,Equinox Provisioning Directory Watcher
org.eclipse.equinox.p2.directorywatcher.source,Equinox Provisioning Directory Watcher Source
org.eclipse.equinox.p2.discovery,Equinox Provisioning Discovery
org.eclipse.equinox.p2.discovery.compatibility,Equinox Provisioning Discovery
org.eclipse.equinox.p2.discovery.compatibility.source,Equinox Provisioning Discovery Source
org.eclipse.equinox.p2.discovery.source,Equinox Provisioning Discovery Source
org.eclipse.equinox.p2.engine,Equinox Provisioning Engine
org.eclipse.equinox.p2.engine.source,Equinox Provisioning Engine Source
org.eclipse.equinox.p2.extensionlocation,Equinox Provisioning Extension Location Repository Support
org.eclipse.equinox.p2.extensionlocation.source,Equinox Provisioning Extension Location Repository Support Source
org.eclipse.equinox.p2.garbagecollector,Equinox Provisioning Garbage Collector
org.eclipse.equinox.p2.garbagecollector.source,Equinox Provisioning Garbage Collector Source
org.eclipse.equinox.p2.installer,Equinox Provisioning Installer
org.eclipse.equinox.p2.installer.source,Equinox Provisioning Installer Source
org.eclipse.equinox.p2.jarprocessor,Equinox Provisioning JAR Processor
org.eclipse.equinox.p2.jarprocessor.source,Equinox Provisioning JAR Processor Source
org.eclipse.equinox.p2.metadata,Equinox Provisioning Metadata
org.eclipse.equinox.p2.metadata.repository,Equinox Provisioning Metadata Repository
org.eclipse.equinox.p2.metadata.repository.source,Equinox Provisioning Metadata Repository Source
org.eclipse.equinox.p2.metadata.source,Equinox Provisioning Metadata Source
org.eclipse.equinox.p2.operations,Equinox Provisioning Operations API
org.eclipse.equinox.p2.operations.source,Equinox Provisioning Operations API Source
org.eclipse.equinox.p2.publisher,Equinox Provisioning Publisher Infrastructure
org.eclipse.equinox.p2.publisher.eclipse,Equinox Provisioning Publisher for Eclipse
org.eclipse.equinox.p2.publisher.eclipse.source,Equinox Provisioning Publisher for Eclipse Source
org.eclipse.equinox.p2.publisher.source,Equinox Provisioning Publisher Infrastructure Source
org.eclipse.equinox.p2.reconciler.dropins,Equinox Provisioning Drop-in
org.eclipse.equinox.p2.reconciler.dropins.source,Equinox Provisioning Drop-in Source
org.eclipse.equinox.p2.repository,Equinox Provisioning Repository
org.eclipse.equinox.p2.repository.source,Equinox Provisioning Repository Source
org.eclipse.equinox.p2.repository.tools,Equinox Provisioning Repository Tools
org.eclipse.equinox.p2.repository.tools.source,Equinox Provisioning Repository Tools Source
org.eclipse.equinox.p2.tests,Equinox Provisioning Tests (Incubation)
org.eclipse.equinox.p2.tests.discovery,Equinox Provisioning Discovery Tests
org.eclipse.equinox.p2.tests.ui,Equinox Provisioning Tests (Incubation)
org.eclipse.equinox.p2.tests.verifier,Test Install Verifier
org.eclipse.equinox.p2.touchpoint.eclipse,Equinox Provisioning Eclipse Touchpoint
org.eclipse.equinox.p2.touchpoint.eclipse.source,Equinox Provisioning Eclipse Touchpoint Source
org.eclipse.equinox.p2.touchpoint.natives,Equinox Provisioning Native Touchpoint
org.eclipse.equinox.p2.touchpoint.natives.source,Equinox Provisioning Native Touchpoint Source
org.eclipse.equinox.p2.transport.ecf,Equinox Provisioning ECF based Transport
org.eclipse.equinox.p2.transport.ecf.source,Equinox Provisioning ECF based Transport Source
org.eclipse.equinox.p2.ui,Equinox Provisioning UI Support
org.eclipse.equinox.p2.ui.admin,p2 Admin UI
org.eclipse.equinox.p2.ui.admin.rcp,Provisioning Admin UI RCP (Incubation)
org.eclipse.equinox.p2.ui.admin.rcp.source,Provisioning Admin UI RCP (Incubation) Source
org.eclipse.equinox.p2.ui.admin.source,p2 Admin UI Source
org.eclipse.equinox.p2.ui.discovery,Equinox Provisioning Discovery UI
org.eclipse.equinox.p2.ui.discovery.source,Equinox Provisioning Discovery UI Source
org.eclipse.equinox.p2.ui.importexport,Equinox Provisioning Import and Export
org.eclipse.equinox.p2.ui.importexport.source,Equinox Provisioning Import and Export Source
org.eclipse.equinox.p2.ui.sdk,Equinox Provisioning Platform Update Support
org.eclipse.equinox.p2.ui.sdk.scheduler,Equinox Provisioning Platform Automatic Update Support
org.eclipse.equinox.p2.ui.sdk.scheduler.source,Equinox Provisioning Platform Automatic Update Support Source
org.eclipse.equinox.p2.ui.sdk.source,Equinox Provisioning Platform Update Support Source
org.eclipse.equinox.p2.ui.source,Equinox Provisioning UI Support Source
org.eclipse.equinox.p2.updatechecker,Equinox Provisioning Update Checker
org.eclipse.equinox.p2.updatechecker.source,Equinox Provisioning Update Checker Source
org.eclipse.equinox.p2.updatesite,Equinox Provisioning Legacy Update Site Support
org.eclipse.equinox.p2.updatesite.source,Equinox Provisioning Legacy Update Site Support Source
org.eclipse.equinox.preferences,Eclipse Preferences Mechanism
org.eclipse.equinox.preferences.source,Eclipse Preferences Mechanism Source
org.eclipse.equinox.preferences.tests,Preferences Tests
org.eclipse.equinox.region,Region Digraph
org.eclipse.equinox.region.source,Region Digraph Source
org.eclipse.equinox.registry,Extension Registry Support
org.eclipse.equinox.registry.source,Extension Registry Support Source
org.eclipse.equinox.security,Equinox Java Authentication and Authorization Service (JAAS)
org.eclipse.equinox.security.linux,Linux libsecret integration
org.eclipse.equinox.security.linux.source,Linux libsecret integration Source
org.eclipse.equinox.security.macosx,OS X Keystore service integration
org.eclipse.equinox.security.macosx.source,OS X Keystore service integration Source
org.eclipse.equinox.security.source,Equinox Java Authentication and Authorization Service (JAAS) Source
org.eclipse.equinox.security.tests,Equinox security tests
org.eclipse.equinox.security.ui,Equinox Security Default UI
org.eclipse.equinox.security.ui.source,Equinox Security Default UI Source
org.eclipse.equinox.security.win32.x86_64,Windows Data Protection services integration (64 bit)
org.eclipse.equinox.security.win32.x86_64.source,Windows Data Protection services integration (64 bit) Source
org.eclipse.equinox.servletbridge,Servletbridge
org.eclipse.equinox.servletbridge.source,Servletbridge Source
org.eclipse.equinox.simpleconfigurator,Simple Configurator
org.eclipse.equinox.simpleconfigurator.manipulator,Simple Configurator Manipulator
org.eclipse.equinox.simpleconfigurator.manipulator.source,Simple Configurator Manipulator Source
org.eclipse.equinox.simpleconfigurator.source,Simple Configurator Source
org.eclipse.equinox.supplement,Supplemental Equinox Functionality
org.eclipse.equinox.supplement.source,Supplemental Equinox Functionality Source
org.eclipse.equinox.transforms.hook,Transformer Hook Framework Extension
org.eclipse.equinox.transforms.hook.source,Transformer Hook Framework Extension Source
org.eclipse.equinox.transforms.xslt,XSLT Transform Provider
org.eclipse.equinox.transforms.xslt.source,XSLT Transform Provider Source
org.eclipse.equinox.useradmin,User Admin Service
org.eclipse.equinox.useradmin.source,User Admin Service Source
org.eclipse.equinox.weaving.caching,Standard Caching Service for Equinox Aspects
org.eclipse.equinox.weaving.caching.j9,J9 CachingService Plug-in
org.eclipse.equinox.weaving.caching.j9.source,J9 CachingService Plug-in Source
org.eclipse.equinox.weaving.caching.source,Standard Caching Service for Equinox Aspects Source
org.eclipse.equinox.weaving.hook,Aspect Weaving Hooks Plug-in
org.eclipse.equinox.weaving.hook.source,Aspect Weaving Hooks Plug-in Source
org.eclipse.help,Help System Core
org.eclipse.help.base,Help System Base
org.eclipse.help.base.source,Help System Base Source
org.eclipse.help.source,Help System Core Source
org.eclipse.help.ui,Help System UI
org.eclipse.help.ui.source,Help System UI Source
org.eclipse.help.webapp,Help System Webapp
org.eclipse.help.webapp.source,Help System Webapp Source
org.eclipse.jdt,Eclipse Java Development Tools
org.eclipse.jdt.annotation,JDT Annotations for Enhanced Null Analysis
org.eclipse.jdt.annotation,JDT Annotations for Enhanced Null Analysis
org.eclipse.jdt.annotation.source,JDT Annotations for Enhanced Null Analysis Source
org.eclipse.jdt.annotation.source,JDT Annotations for Enhanced Null Analysis Source
org.eclipse.jdt.apt.core,Java Annotation Processing Core
org.eclipse.jdt.apt.core.source,Java Annotation Processing Core Source
org.eclipse.jdt.apt.pluggable.core,Java Compiler Apt IDE
org.eclipse.jdt.apt.pluggable.core.source,Java Compiler Apt IDE Source
org.eclipse.jdt.apt.pluggable.tests,Java Annotation Processing Tests
org.eclipse.jdt.apt.tests,Java Annotation Processing Tests
org.eclipse.jdt.apt.ui,Java Annotation Processing UI
org.eclipse.jdt.apt.ui.source,Java Annotation Processing UI Source
org.eclipse.jdt.compiler.apt,Java Compiler Apt
org.eclipse.jdt.compiler.apt.source,Java Compiler Apt Source
org.eclipse.jdt.compiler.apt.tests,Java Annotation Processing Tests
org.eclipse.jdt.compiler.tool,Java Compiler Tool Support
org.eclipse.jdt.compiler.tool.source,Java Compiler Tool Support Source
org.eclipse.jdt.compiler.tool.tests,Java Compiler Tool Tests
org.eclipse.jdt.core,Java Development Tools Core
org.eclipse.jdt.core.compiler.batch,Eclipse Compiler for Java(TM)
org.eclipse.jdt.core.formatterapp,Java Development Tools Formatter Application
org.eclipse.jdt.core.formatterapp.source,Java Development Tools Formatter Application Source
org.eclipse.jdt.core.manipulation,Java Code Manipulation Functionality
org.eclipse.jdt.core.manipulation.source,Java Code Manipulation Functionality Source
org.eclipse.jdt.core.source,Java Development Tools Core Source
org.eclipse.jdt.core.tests.binaries,%pluginName
org.eclipse.jdt.core.tests.builder,Java Builder Tests
org.eclipse.jdt.core.tests.compiler,Java Compiler Tests
org.eclipse.jdt.core.tests.model,Java Model Tests
org.eclipse.jdt.core.tests.performance,JDT Core Performance Tests
org.eclipse.jdt.debug,JDI Debug Model
org.eclipse.jdt.debug.source,JDI Debug Model Source
org.eclipse.jdt.debug.tests,Java Debug Test Plugin
org.eclipse.jdt.debug.ui,JDI Debug UI
org.eclipse.jdt.debug.ui.source,JDI Debug UI Source
org.eclipse.jdt.doc.isv,Eclipse JDT Plug-in Developer Guide
org.eclipse.jdt.doc.user,Eclipse Java Development User Guide
org.eclipse.jdt.junit,Java Development Tools JUnit support
org.eclipse.jdt.junit.core,Java Development Tools JUnit core support
org.eclipse.jdt.junit.core.source,Java Development Tools JUnit core support Source
org.eclipse.jdt.junit.runtime,Java Development Tools JUnit Runtime Support
org.eclipse.jdt.junit.runtime.source,Java Development Tools JUnit Runtime Support Source
org.eclipse.jdt.junit.source,Java Development Tools JUnit support Source
org.eclipse.jdt.junit4.runtime,Java Development Tools JUnit4 Runtime Support
org.eclipse.jdt.junit4.runtime.source,Java Development Tools JUnit4 Runtime Support Source
org.eclipse.jdt.junit5.runtime,Java Development Tools JUnit5 Runtime Support
org.eclipse.jdt.junit5.runtime.source,Java Development Tools JUnit5 Runtime Support Source
org.eclipse.jdt.launching,Java Development Tools Launching Support
org.eclipse.jdt.launching.macosx,Mac OS X Launcher
org.eclipse.jdt.launching.macosx.source,Mac OS X Launcher Source
org.eclipse.jdt.launching.source,Java Development Tools Launching Support Source
org.eclipse.jdt.launching.ui.macosx,Mac OS X UI Launching Support
org.eclipse.jdt.launching.ui.macosx.source,Mac OS X UI Launching Support Source
org.eclipse.jdt.text.tests,JDT Text Test Plug-in
org.eclipse.jdt.ui,Java Development Tools UI
org.eclipse.jdt.ui.source,Java Development Tools UI Source
org.eclipse.jdt.ui.tests,Java Test Plug-in
org.eclipse.jdt.ui.tests.refactoring,Refactoring Tests Plug-in
org.eclipse.jdt.ui.unittest.junit,Java Development Tools Unit Test support
org.eclipse.jdt.ui.unittest.junit.source,Java Development Tools Unit Test support Source
org.eclipse.jetty.http,Jetty :: Http Utility
org.eclipse.jetty.http.source,Jetty :: Http Utility
org.eclipse.jetty.io,Jetty :: IO Utility
org.eclipse.jetty.io.source,Jetty :: IO Utility
org.eclipse.jetty.security,Jetty :: Security
org.eclipse.jetty.security.source,Jetty :: Security
org.eclipse.jetty.server,Jetty :: Server Core
org.eclipse.jetty.server.source,Jetty :: Server Core
org.eclipse.jetty.servlet,Jetty :: Servlet Handling
org.eclipse.jetty.servlet.source,Jetty :: Servlet Handling
org.eclipse.jetty.util,Jetty :: Utilities
org.eclipse.jetty.util.ajax,Jetty :: Utilities :: Ajax(JSON)
org.eclipse.jetty.util.ajax.source,Jetty :: Utilities :: Ajax(JSON)
org.eclipse.jetty.util.source,Jetty :: Utilities
org.eclipse.jface,JFace
org.eclipse.jface.databinding,JFace Data Binding for SWT and JFace
org.eclipse.jface.databinding.source,JFace Data Binding for SWT and JFace Source
org.eclipse.jface.examples.databinding,JFace Data Binding Examples
org.eclipse.jface.examples.databinding.source,JFace Data Binding Examples Source
org.eclipse.jface.notifications,Notification API
org.eclipse.jface.notifications.source,Notification API Source
org.eclipse.jface.source,JFace Source
org.eclipse.jface.tests,Jface tests
org.eclipse.jface.tests.databinding,JFace Data Binding Tests
org.eclipse.jface.tests.databinding.conformance,JFace Data Binding Conformance Tests
org.eclipse.jface.text,JFace Text
org.eclipse.jface.text.source,JFace Text Source
org.eclipse.jface.text.tests,JFace Text Test Plug-in
org.eclipse.jsch.core,JSch Core
org.eclipse.jsch.core.source,JSch Core Source
org.eclipse.jsch.tests,JSch Tests Plug-in
org.eclipse.jsch.ui,JSch UI
org.eclipse.jsch.ui.source,JSch UI Source
org.eclipse.ltk.core.refactoring,Refactoring Core
org.eclipse.ltk.core.refactoring.source,Refactoring Core Source
org.eclipse.ltk.core.refactoring.tests,Refactoring Core Test Plug-in
org.eclipse.ltk.ui.refactoring,Refactoring UI
org.eclipse.ltk.ui.refactoring.source,Refactoring UI Source
org.eclipse.ltk.ui.refactoring.tests,Refactoring UI Test Plug-in
org.eclipse.osgi,%systemBundle
org.eclipse.osgi.compatibility.state,Equinox State and Resolver Compatibility Fragment
org.eclipse.osgi.compatibility.state.source,Equinox State and Resolver Compatibility Fragment Source
org.eclipse.osgi.services,OSGi Release 4.2.0 Services
org.eclipse.osgi.services.source,OSGi Release 4.2.0 Services Source
org.eclipse.osgi.source,OSGi System Bundle Source
org.eclipse.osgi.tests,Core OSGi Tests
org.eclipse.osgi.util,OSGi Release 4.2.0 Utility Classes
org.eclipse.osgi.util.source,OSGi Release 4.2.0 Utility Classes Source
org.eclipse.pde,PDE
org.eclipse.pde.api.tools,API Tools
org.eclipse.pde.api.tools.annotations,PDE API Tools Annotations
org.eclipse.pde.api.tools.annotations.source,PDE API Tools Annotations Source
org.eclipse.pde.api.tools.source,API Tools Source
org.eclipse.pde.api.tools.tests,API Tools Tests
org.eclipse.pde.api.tools.ui,API Tools UI
org.eclipse.pde.api.tools.ui.source,API Tools UI Source
org.eclipse.pde.build,Plug-in Development Environment Build Support
org.eclipse.pde.build.source,Plug-in Development Environment Build Support Source
org.eclipse.pde.build.tests,Tests Plug-in
org.eclipse.pde.core,PDE Core
org.eclipse.pde.core.source,PDE Core Source
org.eclipse.pde.doc.user,PDE User Guide
org.eclipse.pde.ds.annotations,Declarative Services Annotations Support
org.eclipse.pde.ds.annotations.source,Declarative Services Annotations Support Source
org.eclipse.pde.ds.core,PDE DS Core
org.eclipse.pde.ds.core.source,PDE DS Core Source
org.eclipse.pde.ds.tests,PDE DS Tests
org.eclipse.pde.ds.ui,PDE DS UI
org.eclipse.pde.ds.ui.source,PDE DS UI Source
org.eclipse.pde.genericeditor.extension,Target definition generic editor extension
org.eclipse.pde.genericeditor.extension.source,Target definition generic editor extension Source
org.eclipse.pde.genericeditor.extension.tests,Tests for Generic Target Platform Editor
org.eclipse.pde.junit.runtime,PDE JUnit Runtime Support
org.eclipse.pde.junit.runtime.source,PDE JUnit Runtime Support Source
org.eclipse.pde.junit.runtime.tests,PDE JUnit Runtime Tests
org.eclipse.pde.launching,PDE Launching Support
org.eclipse.pde.launching.source,PDE Launching Support Source
org.eclipse.pde.runtime,PDE Runtime
org.eclipse.pde.runtime.source,PDE Runtime Source
org.eclipse.pde.spy.bundle,Bundle Spy
org.eclipse.pde.spy.bundle.source,Bundle Spy Source
org.eclipse.pde.spy.context,Context Spy
org.eclipse.pde.spy.context.source,Context Spy Source
org.eclipse.pde.spy.core,Spy Core plug-in
org.eclipse.pde.spy.core.source,Spy Core plug-in Source
org.eclipse.pde.spy.css,CSS Spy
org.eclipse.pde.spy.css.source,CSS Spy Source
org.eclipse.pde.spy.event,Event Spy
org.eclipse.pde.spy.event.source,Event Spy Source
org.eclipse.pde.spy.model,Model Spy
org.eclipse.pde.spy.model.source,Model Spy Source
org.eclipse.pde.spy.preferences,Preference Spy
org.eclipse.pde.spy.preferences.source,Preference Spy Source
org.eclipse.pde.ua.core,PDE UA Core
org.eclipse.pde.ua.core.source,PDE UA Core Source
org.eclipse.pde.ua.tests,PDE UA Tests (Incubation)
org.eclipse.pde.ua.ui,PDE UA UI
org.eclipse.pde.ua.ui.source,PDE UA UI Source
org.eclipse.pde.ui,PDE UI
org.eclipse.pde.ui.source,PDE UI Source
org.eclipse.pde.ui.templates,PDE Templates
org.eclipse.pde.ui.templates.source,PDE Templates Source
org.eclipse.pde.ui.templates.tests,Tests for PDE templates
org.eclipse.pde.ui.tests,PDE JUnit Tests
org.eclipse.pde.unittest.junit,Plug-in Development Unit Test support
org.eclipse.pde.unittest.junit.source,Plug-in Development Unit Test support Source
org.eclipse.platform,Eclipse Platform
org.eclipse.platform.doc.isv,Eclipse Platform Plug-in Developer Guide
org.eclipse.platform.doc.user,Eclipse Platform User Guide
org.eclipse.platform.ide.executable.cocoa.macosx.aarch64,(null)
org.eclipse.platform.ide.executable.cocoa.macosx.aarch64.eclipse,(null)
org.eclipse.platform.ide.executable.cocoa.macosx.x86_64,(null)
org.eclipse.platform.ide.executable.cocoa.macosx.x86_64.eclipse,(null)
org.eclipse.platform.ide.executable.gtk.linux.aarch64,(null)
org.eclipse.platform.ide.executable.gtk.linux.aarch64.eclipse,(null)
org.eclipse.platform.ide.executable.gtk.linux.ppc64le,(null)
org.eclipse.platform.ide.executable.gtk.linux.ppc64le.eclipse,(null)
org.eclipse.platform.ide.executable.gtk.linux.x86_64,(null)
org.eclipse.platform.ide.executable.gtk.linux.x86_64.eclipse,(null)
org.eclipse.platform.ide.executable.win32.win32.x86_64,(null)
org.eclipse.platform.ide.executable.win32.win32.x86_64.eclipse,(null)
org.eclipse.platform.sdk.executable.cocoa.macosx.aarch64,(null)
org.eclipse.platform.sdk.executable.cocoa.macosx.aarch64.eclipse,(null)
org.eclipse.platform.sdk.executable.cocoa.macosx.x86_64,(null)
org.eclipse.platform.sdk.executable.cocoa.macosx.x86_64.eclipse,(null)
org.eclipse.platform.sdk.executable.gtk.linux.aarch64,(null)
org.eclipse.platform.sdk.executable.gtk.linux.aarch64.eclipse,(null)
org.eclipse.platform.sdk.executable.gtk.linux.ppc64le,(null)
org.eclipse.platform.sdk.executable.gtk.linux.ppc64le.eclipse,(null)
org.eclipse.platform.sdk.executable.gtk.linux.x86_64,(null)
org.eclipse.platform.sdk.executable.gtk.linux.x86_64.eclipse,(null)
org.eclipse.platform.sdk.executable.win32.win32.x86_64,(null)
org.eclipse.platform.sdk.executable.win32.win32.x86_64.eclipse,(null)
org.eclipse.platform.source,Eclipse Platform Source
org.eclipse.platform_root,(null)
org.eclipse.rcp,Eclipse RCP
org.eclipse.rcp.configuration_root.cocoa.macosx.aarch64,(null)
org.eclipse.rcp.configuration_root.cocoa.macosx.x86_64,(null)
org.eclipse.rcp.configuration_root.gtk.linux.aarch64,(null)
org.eclipse.rcp.configuration_root.gtk.linux.ppc64le,(null)
org.eclipse.rcp.configuration_root.gtk.linux.x86_64,(null)
org.eclipse.rcp.configuration_root.win32.win32.x86_64,(null)
org.eclipse.rcp.id.executable.cocoa.macosx.aarch64,(null)
org.eclipse.rcp.id.executable.cocoa.macosx.aarch64.eclipse,(null)
org.eclipse.rcp.id.executable.cocoa.macosx.x86_64,(null)
org.eclipse.rcp.id.executable.cocoa.macosx.x86_64.eclipse,(null)
org.eclipse.rcp.id.executable.gtk.linux.aarch64,(null)
org.eclipse.rcp.id.executable.gtk.linux.aarch64.eclipse,(null)
org.eclipse.rcp.id.executable.gtk.linux.ppc64le,(null)
org.eclipse.rcp.id.executable.gtk.linux.ppc64le.eclipse,(null)
org.eclipse.rcp.id.executable.gtk.linux.x86_64,(null)
org.eclipse.rcp.id.executable.gtk.linux.x86_64.eclipse,(null)
org.eclipse.rcp.id.executable.win32.win32.x86_64,(null)
org.eclipse.rcp.id.executable.win32.win32.x86_64.eclipse,(null)
org.eclipse.rcp.sdk.id.executable.cocoa.macosx.aarch64,(null)
org.eclipse.rcp.sdk.id.executable.cocoa.macosx.aarch64.eclipse,(null)
org.eclipse.rcp.sdk.id.executable.cocoa.macosx.x86_64,(null)
org.eclipse.rcp.sdk.id.executable.cocoa.macosx.x86_64.eclipse,(null)
org.eclipse.rcp.sdk.id.executable.gtk.linux.aarch64,(null)
org.eclipse.rcp.sdk.id.executable.gtk.linux.aarch64.eclipse,(null)
org.eclipse.rcp.sdk.id.executable.gtk.linux.ppc64le,(null)
org.eclipse.rcp.sdk.id.executable.gtk.linux.ppc64le.eclipse,(null)
org.eclipse.rcp.sdk.id.executable.gtk.linux.x86_64,(null)
org.eclipse.rcp.sdk.id.executable.gtk.linux.x86_64.eclipse,(null)
org.eclipse.rcp.sdk.id.executable.win32.win32.x86_64,(null)
org.eclipse.rcp.sdk.id.executable.win32.win32.x86_64.eclipse,(null)
org.eclipse.rcp_root,(null)
org.eclipse.releng.tests,Eclipse Releng Tests
org.eclipse.sdk,Eclipse Project SDK
org.eclipse.sdk.examples,Eclipse SDK Examples
org.eclipse.sdk.examples.source,Eclipse SDK Examples Source
org.eclipse.sdk.examples_root,(null)
org.eclipse.sdk.ide.executable.cocoa.macosx.aarch64,(null)
org.eclipse.sdk.ide.executable.cocoa.macosx.aarch64.eclipse,(null)
org.eclipse.sdk.ide.executable.cocoa.macosx.x86_64,(null)
org.eclipse.sdk.ide.executable.cocoa.macosx.x86_64.eclipse,(null)
org.eclipse.sdk.ide.executable.gtk.linux.aarch64,(null)
org.eclipse.sdk.ide.executable.gtk.linux.aarch64.eclipse,(null)
org.eclipse.sdk.ide.executable.gtk.linux.ppc64le,(null)
org.eclipse.sdk.ide.executable.gtk.linux.ppc64le.eclipse,(null)
org.eclipse.sdk.ide.executable.gtk.linux.x86_64,(null)
org.eclipse.sdk.ide.executable.gtk.linux.x86_64.eclipse,(null)
org.eclipse.sdk.ide.executable.win32.win32.x86_64,(null)
org.eclipse.sdk.ide.executable.win32.win32.x86_64.eclipse,(null)
org.eclipse.sdk.tests,Tests
org.eclipse.search,Search Support
org.eclipse.search.source,Search Support Source
org.eclipse.search.tests,Search Support Tests Plug-in
org.eclipse.swt,Standard Widget Toolkit
org.eclipse.swt.cocoa.macosx.aarch64,Standard Widget Toolkit for Mac OS X (Cocoa) AARCH64
org.eclipse.swt.cocoa.macosx.aarch64.source,Standard Widget Toolkit for Mac OS X (Cocoa) AARCH64 Source
org.eclipse.swt.cocoa.macosx.x86_64,Standard Widget Toolkit for Mac OS X (Cocoa)
org.eclipse.swt.cocoa.macosx.x86_64.source,Standard Widget Toolkit for Mac OS X (Cocoa) Source
org.eclipse.swt.examples,SWT Standalone Examples Plugin
org.eclipse.swt.examples.browser.demos,SWT Browser Demos Plugin
org.eclipse.swt.examples.browser.demos.source,SWT Browser Demos Plugin Source
org.eclipse.swt.examples.launcher,SWT Launcher Example Plugin
org.eclipse.swt.examples.launcher.source,SWT Launcher Example Plugin Source
org.eclipse.swt.examples.ole.win32,SWT OLE Example Plugin (Win32)
org.eclipse.swt.examples.ole.win32.source,SWT OLE Example Plugin (Win32) Source
org.eclipse.swt.examples.source,SWT Standalone Examples Plugin Source
org.eclipse.swt.examples.views,SWT Views Example Plugin
org.eclipse.swt.examples.views.source,SWT Views Example Plugin Source
org.eclipse.swt.gtk.linux.aarch64,Standard Widget Toolkit for GTK
org.eclipse.swt.gtk.linux.aarch64.source,Standard Widget Toolkit for GTK Source
org.eclipse.swt.gtk.linux.ppc64le,Standard Widget Toolkit for GTK
org.eclipse.swt.gtk.linux.ppc64le.source,Standard Widget Toolkit for GTK Source
org.eclipse.swt.gtk.linux.x86_64,Standard Widget Toolkit for GTK
org.eclipse.swt.gtk.linux.x86_64.source,Standard Widget Toolkit for GTK Source
org.eclipse.swt.tests,Tests
org.eclipse.swt.tools,SWT Tools
org.eclipse.swt.tools.base,SWT Tools Base
org.eclipse.swt.tools.base.source,SWT Tools Base Source
org.eclipse.swt.tools.source,SWT Tools Source
org.eclipse.swt.tools.spies,SWT Tools Spy
org.eclipse.swt.tools.spies.source,SWT Tools Spy Source
org.eclipse.swt.win32.win32.x86_64,Standard Widget Toolkit for Windows
org.eclipse.swt.win32.win32.x86_64.source,Standard Widget Toolkit for Windows Source
org.eclipse.team.core,Team Support Core
org.eclipse.team.core.source,Team Support Core Source
org.eclipse.team.examples.filesystem,Eclipse Team File System Example
org.eclipse.team.examples.filesystem.source,Eclipse Team File System Example Source
org.eclipse.team.genericeditor.diff.extension,Diff Extension for Generic Editor
org.eclipse.team.genericeditor.diff.extension.source,Diff Extension for Generic Editor Source
org.eclipse.team.tests.core,Eclipse Team Core Tests
org.eclipse.team.ui,Team Support UI
org.eclipse.team.ui.source,Team Support UI Source
org.eclipse.test,Eclipse Automated Testing
org.eclipse.test.performance,Performance Test Plug-in
org.eclipse.test.performance.win32,Performance Monitor for Windows
org.eclipse.test.source,Eclipse Automated Testing Source
org.eclipse.tests.urischeme,Tests for Eclipse URI Scheme Handling
org.eclipse.text,Text
org.eclipse.text.quicksearch,Quick Search
org.eclipse.text.quicksearch.source,Quick Search Source
org.eclipse.text.quicksearch.tests,Tests for org.eclipse.text.quicksearch Bundle
org.eclipse.text.source,Text Source
org.eclipse.text.tests,Text Test Plug-in
org.eclipse.tips.core,Tip of the Day core plugin
org.eclipse.tips.core.source,Tip of the Day core plugin Source
org.eclipse.tips.ide,IDE Enablement for Tip of the Day
org.eclipse.tips.ide.source,IDE Enablement for Tip of the Day Source
org.eclipse.tips.json,Tip of the Day Json Provider
org.eclipse.tips.json.source,Tip of the Day Json Provider Source
org.eclipse.tips.ui,Tip of the Day UI
org.eclipse.tips.ui.source,Tip of the Day UI Source
org.eclipse.tools.layout.spy,Layout Spy
org.eclipse.tools.layout.spy.source,Layout Spy Source
org.eclipse.ua.tests,User Assistance Test
org.eclipse.ua.tests.doc,Doc
org.eclipse.ui,Eclipse UI
org.eclipse.ui.browser,Browser Support
org.eclipse.ui.browser.source,Browser Support Source
org.eclipse.ui.cheatsheets,Cheat Sheets
org.eclipse.ui.cheatsheets.source,Cheat Sheets Source
org.eclipse.ui.cocoa,Eclipse UI MacOS X Enhancements
org.eclipse.ui.cocoa.source,Eclipse UI MacOS X Enhancements Source
org.eclipse.ui.console,Console
org.eclipse.ui.console.source,Console Source
org.eclipse.ui.editors,Default Text Editor
org.eclipse.ui.editors.source,Default Text Editor Source
org.eclipse.ui.editors.tests,Editors Test Plug-in
org.eclipse.ui.examples.contributions,Command Contribution Examples
org.eclipse.ui.examples.contributions.source,Command Contribution Examples Source
org.eclipse.ui.examples.fieldassist,Field Assist Example
org.eclipse.ui.examples.fieldassist.source,Field Assist Example Source
org.eclipse.ui.examples.javaeditor,JFace Text Example
org.eclipse.ui.examples.javaeditor.source,JFace Text Example Source
org.eclipse.ui.examples.multipageeditor,Multi-Page Editor Example
org.eclipse.ui.examples.multipageeditor.source,Multi-Page Editor Example Source
org.eclipse.ui.examples.propertysheet,User File Editor
org.eclipse.ui.examples.propertysheet.source,User File Editor Source
org.eclipse.ui.examples.readmetool,Readme File Editing Tool
org.eclipse.ui.examples.readmetool.source,Readme File Editing Tool Source
org.eclipse.ui.examples.undo,Undo Example
org.eclipse.ui.examples.undo.source,Undo Example Source
org.eclipse.ui.examples.uriSchemeHandler,Example for Eclipse URI Scheme Handling
org.eclipse.ui.examples.uriSchemeHandler.source,Example for Eclipse URI Scheme Handling Source
org.eclipse.ui.examples.views.properties.tabbed.article,Tabbed Properties View Article Example
org.eclipse.ui.examples.views.properties.tabbed.article.source,Tabbed Properties View Article Example Source
org.eclipse.ui.externaltools,External Tools
org.eclipse.ui.externaltools.source,External Tools Source
org.eclipse.ui.forms,Eclipse Forms
org.eclipse.ui.forms.source,Eclipse Forms Source
org.eclipse.ui.genericeditor,Generic and Extensible Text Editor
org.eclipse.ui.genericeditor.examples,Examples for Generic Editor
org.eclipse.ui.genericeditor.examples.source,Examples for Generic Editor Source
org.eclipse.ui.genericeditor.source,Generic and Extensible Text Editor Source
org.eclipse.ui.genericeditor.tests,Generic Editor Test Plug-in
org.eclipse.ui.ide,Eclipse IDE UI
org.eclipse.ui.ide.application,Eclipse IDE UI Application
org.eclipse.ui.ide.application.source,Eclipse IDE UI Application Source
org.eclipse.ui.ide.source,Eclipse IDE UI Source
org.eclipse.ui.intro,Welcome Framework
org.eclipse.ui.intro.quicklinks,Quicklinks for the Welcome Framework
org.eclipse.ui.intro.quicklinks.source,Quicklinks for the Welcome Framework Source
org.eclipse.ui.intro.source,Welcome Framework Source
org.eclipse.ui.intro.universal,Universal Welcome
org.eclipse.ui.intro.universal.source,Universal Welcome Source
org.eclipse.ui.monitoring,UI Freeze Monitoring
org.eclipse.ui.monitoring.source,UI Freeze Monitoring Source
org.eclipse.ui.navigator,Common Navigator View
org.eclipse.ui.navigator.resources,Navigator Workbench Components
org.eclipse.ui.navigator.resources.source,Navigator Workbench Components Source
org.eclipse.ui.navigator.source,Common Navigator View Source
org.eclipse.ui.net,Internet Connection Management UI
org.eclipse.ui.net.source,Internet Connection Management UI Source
org.eclipse.ui.source,Eclipse UI Source
org.eclipse.ui.tests,Eclipse UI Tests
org.eclipse.ui.tests.forms,Forms Test
org.eclipse.ui.tests.harness,Harness Plug-in
org.eclipse.ui.tests.navigator,Common Navigator Tests
org.eclipse.ui.tests.performance,Performance Plug-in
org.eclipse.ui.tests.pluginchecks,Pluginchecks
org.eclipse.ui.tests.rcp,Eclipse RCP Tests
org.eclipse.ui.tests.views.properties.tabbed,Tabbed Properties View Tests
org.eclipse.ui.themes,Eclipse SDK Themes
org.eclipse.ui.themes.source,Eclipse SDK Themes Source
org.eclipse.ui.trace,Equinox Dynamic Tracing Enablement UI
org.eclipse.ui.trace.source,Equinox Dynamic Tracing Enablement UI  Source
org.eclipse.ui.views,Views
org.eclipse.ui.views.log,Log View
org.eclipse.ui.views.log.source,Log View Source
org.eclipse.ui.views.properties.tabbed,Tabbed Properties View
org.eclipse.ui.views.properties.tabbed.source,Tabbed Properties View Source
org.eclipse.ui.views.source,Views Source
org.eclipse.ui.win32,Eclipse UI Win32 Enhancements
org.eclipse.ui.win32.source,Eclipse UI Win32 Enhancements Source
org.eclipse.ui.workbench,Eclipse Workbench
org.eclipse.ui.workbench.source,Eclipse Workbench Source
org.eclipse.ui.workbench.texteditor,Text Editor Framework
org.eclipse.ui.workbench.texteditor.source,Text Editor Framework Source
org.eclipse.ui.workbench.texteditor.tests,Workbench Text Editor Test Plug-in
org.eclipse.unittest.ui,Debug Unit Test support
org.eclipse.unittest.ui.source,Debug Unit Test support Source
org.eclipse.update.configurator,Install/Update Configurator
org.eclipse.update.configurator.source,Install/Update Configurator Source
org.eclipse.urischeme,Eclipse URI Scheme Handling
org.eclipse.urischeme.source,Eclipse URI Scheme Handling Source
org.hamcrest.core,Hamcrest Core Library of Matchers
org.hamcrest.core.source,Hamcrest Core Library of Matchers Source
org.junit,JUnit
org.junit.source,JUnit Source
org.mockito.mockito-core,Mockito Mock Library for Java. Core bundle requires Byte Buddy and Objenesis.
org.objectweb.asm,org.objectweb.asm
org.objectweb.asm.tree,org.objectweb.asm.tree
org.objenesis,Objenesis
org.opentest4j,opentest4j
org.opentest4j.source,Source Bundle for org.opentest4j:1.2.0
org.osgi.annotation.bundle,org.osgi:org.osgi.annotation.bundle
org.osgi.annotation.versioning,org.osgi:org.osgi.annotation.versioning
org.osgi.service.cm,org.osgi:org.osgi.service.cm
org.osgi.service.cm.source,Source Bundle for org.osgi.service.cm:1.6.1.202109301733
org.osgi.service.component,org.osgi:org.osgi.service.component
org.osgi.service.component.annotations,org.osgi:org.osgi.service.component.annotations
org.osgi.service.component.source,Source Bundle for org.osgi.service.component:1.5.0.202109301733
org.osgi.service.coordinator,org.osgi:org.osgi.service.coordinator
org.osgi.service.coordinator.source,Source Bundle for org.osgi.service.coordinator:1.0.2.201505202024
org.osgi.service.device,org.osgi:org.osgi.service.device
org.osgi.service.device.source,Source Bundle for org.osgi.service.device:1.1.1.202109301733
org.osgi.service.event,org.osgi:org.osgi.service.event
org.osgi.service.event.source,Source Bundle for org.osgi.service.event:1.4.1.202109301733
org.osgi.service.log.stream,org.osgi:org.osgi.service.log.stream
org.osgi.service.log.stream.source,Source Bundle for org.osgi.service.log.stream:1.0.0.202109301733
org.osgi.service.metatype,org.osgi:org.osgi.service.metatype
org.osgi.service.metatype.annotations,org.osgi:org.osgi.service.metatype.annotations
org.osgi.service.metatype.source,Source Bundle for org.osgi.service.metatype:1.4.1.202109301733
org.osgi.service.prefs,org.osgi:org.osgi.service.prefs
org.osgi.service.prefs.source,Source Bundle for org.osgi.service.prefs:1.1.2.202109301733
org.osgi.service.provisioning,org.osgi:org.osgi.service.provisioning
org.osgi.service.provisioning.source,Source Bundle for org.osgi.service.provisioning:1.2.0.201505202024
org.osgi.service.upnp,org.osgi:org.osgi.service.upnp
org.osgi.service.upnp.source,Source Bundle for org.osgi.service.upnp:1.2.1.202109301733
org.osgi.service.useradmin,org.osgi:org.osgi.service.useradmin
org.osgi.service.useradmin.source,Source Bundle for org.osgi.service.useradmin:1.1.1.202109301733
org.osgi.service.wireadmin,org.osgi:org.osgi.service.wireadmin
org.osgi.service.wireadmin.source,Source Bundle for org.osgi.service.wireadmin:1.0.2.202109301733
org.osgi.util.function,org.osgi:org.osgi.util.function
org.osgi.util.function.source,Source Bundle for org.osgi.util.function:1.2.0.202109301733
org.osgi.util.measurement,org.osgi:org.osgi.util.measurement
org.osgi.util.measurement.source,Source Bundle for org.osgi.util.measurement:1.0.2.201802012109
org.osgi.util.position,org.osgi:org.osgi.util.position
org.osgi.util.position.source,Source Bundle for org.osgi.util.position:1.0.1.201505202026
org.osgi.util.promise,org.osgi:org.osgi.util.promise
org.osgi.util.promise.source,Source Bundle for org.osgi.util.promise:1.2.0.202109301733
org.osgi.util.pushstream,org.osgi:org.osgi.util.pushstream
org.osgi.util.pushstream.source,Source Bundle for org.osgi.util.pushstream:1.0.2.202109301733
org.osgi.util.xml,org.osgi:org.osgi.util.xml
org.osgi.util.xml.source,Source Bundle for org.osgi.util.xml:1.0.2.202109301733
org.sat4j.core,%bundleName
org.sat4j.core.source,Source Bundle for org.sat4j.core:2.3.6.v20201214
org.sat4j.pb,%bundleName
org.sat4j.pb.source,Source Bundle for org.sat4j.pb:2.3.6.v20201214
org.tukaani.xz,XZ data compression
org.tukaani.xz.source,Source Bundle for org.tukaani.xz:1.9.0
org.w3c.css.sac,W3C CSS SAC
org.w3c.css.sac.source,W3C CSS SAC Source Bundle
org.w3c.dom.events,W3C DOM Level 3 Events
org.w3c.dom.events.source,W3C DOM Level 3 Events Source Bundle
org.w3c.dom.smil,W3C SMIL DOM
org.w3c.dom.smil.source,W3C SMIL DOM Source Bundle
org.w3c.dom.svg,W3C SVG DOM
org.w3c.dom.svg.source,W3C SVG DOM Source Bundle
slf4j.api,slf4j-api
slf4j.nop,slf4j-nop
tooling.org.eclipse.update.feature.default,(null)
tooling.osgi.bundle.default,(null)
tooling.source.default,(null)
toolingcocoa.macosx.aarch64org.apache.felix.scr,(null)
toolingcocoa.macosx.aarch64org.eclipse.core.runtime,(null)
toolingcocoa.macosx.aarch64org.eclipse.equinox.common,(null)
toolingcocoa.macosx.aarch64org.eclipse.equinox.event,(null)
toolingcocoa.macosx.aarch64org.eclipse.equinox.p2.reconciler.dropins,(null)
toolingcocoa.macosx.aarch64org.eclipse.equinox.simpleconfigurator,(null)
toolingcocoa.macosx.x86_64org.apache.felix.scr,(null)
toolingcocoa.macosx.x86_64org.eclipse.core.runtime,(null)
toolingcocoa.macosx.x86_64org.eclipse.equinox.common,(null)
toolingcocoa.macosx.x86_64org.eclipse.equinox.event,(null)
toolingcocoa.macosx.x86_64org.eclipse.equinox.p2.reconciler.dropins,(null)
toolingcocoa.macosx.x86_64org.eclipse.equinox.simpleconfigurator,(null)
toolingeclipse-junit-tests.configuration,(null)
toolinggtk.linux.aarch64org.apache.felix.scr,(null)
toolinggtk.linux.aarch64org.eclipse.core.runtime,(null)
toolinggtk.linux.aarch64org.eclipse.equinox.common,(null)
toolinggtk.linux.aarch64org.eclipse.equinox.event,(null)
toolinggtk.linux.aarch64org.eclipse.equinox.p2.reconciler.dropins,(null)
toolinggtk.linux.aarch64org.eclipse.equinox.simpleconfigurator,(null)
toolinggtk.linux.ppc64leorg.apache.felix.scr,(null)
toolinggtk.linux.ppc64leorg.eclipse.core.runtime,(null)
toolinggtk.linux.ppc64leorg.eclipse.equinox.common,(null)
toolinggtk.linux.ppc64leorg.eclipse.equinox.event,(null)
toolinggtk.linux.ppc64leorg.eclipse.equinox.p2.reconciler.dropins,(null)
toolinggtk.linux.ppc64leorg.eclipse.equinox.simpleconfigurator,(null)
toolinggtk.linux.x86_64org.apache.felix.scr,(null)
toolinggtk.linux.x86_64org.eclipse.core.runtime,(null)
toolinggtk.linux.x86_64org.eclipse.equinox.common,(null)
toolinggtk.linux.x86_64org.eclipse.equinox.event,(null)
toolinggtk.linux.x86_64org.eclipse.equinox.p2.reconciler.dropins,(null)
toolinggtk.linux.x86_64org.eclipse.equinox.simpleconfigurator,(null)
toolingorg.eclipse.configuration,(null)
toolingorg.eclipse.configuration.macosx,(null)
toolingorg.eclipse.equinox.launcher,(null)
toolingorg.eclipse.equinox.launcher.cocoa.macosx.aarch64,(null)
toolingorg.eclipse.equinox.launcher.cocoa.macosx.x86_64,(null)
toolingorg.eclipse.equinox.launcher.gtk.linux.aarch64,(null)
toolingorg.eclipse.equinox.launcher.gtk.linux.ppc64le,(null)
toolingorg.eclipse.equinox.launcher.gtk.linux.x86_64,(null)
toolingorg.eclipse.equinox.launcher.win32.win32.x86_64,(null)
toolingorg.eclipse.platform.configuration,(null)
toolingorg.eclipse.platform.configuration.macosx,(null)
toolingorg.eclipse.platform.ide.application,(null)
toolingorg.eclipse.platform.ide.config.cocoa.macosx.aarch64,(null)
toolingorg.eclipse.platform.ide.config.cocoa.macosx.x86_64,(null)
toolingorg.eclipse.platform.ide.config.gtk.linux.aarch64,(null)
toolingorg.eclipse.platform.ide.config.gtk.linux.ppc64le,(null)
toolingorg.eclipse.platform.ide.config.gtk.linux.x86_64,(null)
toolingorg.eclipse.platform.ide.config.win32.win32.x86_64,(null)
toolingorg.eclipse.platform.ide.configuration,(null)
toolingorg.eclipse.platform.ide.executable.cocoa.macosx.aarch64,(null)
toolingorg.eclipse.platform.ide.executable.cocoa.macosx.x86_64,(null)
toolingorg.eclipse.platform.ide.executable.gtk.linux.aarch64,(null)
toolingorg.eclipse.platform.ide.executable.gtk.linux.ppc64le,(null)
toolingorg.eclipse.platform.ide.executable.gtk.linux.x86_64,(null)
toolingorg.eclipse.platform.ide.executable.win32.win32.x86_64,(null)
toolingorg.eclipse.platform.ide.ini.cocoa.macosx.aarch64,(null)
toolingorg.eclipse.platform.ide.ini.cocoa.macosx.x86_64,(null)
toolingorg.eclipse.platform.ide.ini.gtk.linux.aarch64,(null)
toolingorg.eclipse.platform.ide.ini.gtk.linux.ppc64le,(null)
toolingorg.eclipse.platform.ide.ini.gtk.linux.x86_64,(null)
toolingorg.eclipse.platform.ide.ini.win32.win32.x86_64,(null)
toolingorg.eclipse.platform.sdk.application,(null)
toolingorg.eclipse.platform.sdk.config.cocoa.macosx.aarch64,(null)
toolingorg.eclipse.platform.sdk.config.cocoa.macosx.x86_64,(null)
toolingorg.eclipse.platform.sdk.config.gtk.linux.aarch64,(null)
toolingorg.eclipse.platform.sdk.config.gtk.linux.ppc64le,(null)
toolingorg.eclipse.platform.sdk.config.gtk.linux.x86_64,(null)
toolingorg.eclipse.platform.sdk.config.win32.win32.x86_64,(null)
toolingorg.eclipse.platform.sdk.configuration,(null)
toolingorg.eclipse.platform.sdk.executable.cocoa.macosx.aarch64,(null)
toolingorg.eclipse.platform.sdk.executable.cocoa.macosx.x86_64,(null)
toolingorg.eclipse.platform.sdk.executable.gtk.linux.aarch64,(null)
toolingorg.eclipse.platform.sdk.executable.gtk.linux.ppc64le,(null)
toolingorg.eclipse.platform.sdk.executable.gtk.linux.x86_64,(null)
toolingorg.eclipse.platform.sdk.executable.win32.win32.x86_64,(null)
toolingorg.eclipse.platform.sdk.ini.cocoa.macosx.aarch64,(null)
toolingorg.eclipse.platform.sdk.ini.cocoa.macosx.x86_64,(null)
toolingorg.eclipse.platform.sdk.ini.gtk.linux.aarch64,(null)
toolingorg.eclipse.platform.sdk.ini.gtk.linux.ppc64le,(null)
toolingorg.eclipse.platform.sdk.ini.gtk.linux.x86_64,(null)
toolingorg.eclipse.platform.sdk.ini.win32.win32.x86_64,(null)
toolingorg.eclipse.rcp.id.application,(null)
toolingorg.eclipse.rcp.id.configuration,(null)
toolingorg.eclipse.rcp.id.executable.cocoa.macosx.aarch64,(null)
toolingorg.eclipse.rcp.id.executable.cocoa.macosx.x86_64,(null)
toolingorg.eclipse.rcp.id.executable.gtk.linux.aarch64,(null)
toolingorg.eclipse.rcp.id.executable.gtk.linux.ppc64le,(null)
toolingorg.eclipse.rcp.id.executable.gtk.linux.x86_64,(null)
toolingorg.eclipse.rcp.id.executable.win32.win32.x86_64,(null)
toolingorg.eclipse.rcp.id.ini.cocoa.macosx.aarch64,(null)
toolingorg.eclipse.rcp.id.ini.cocoa.macosx.x86_64,(null)
toolingorg.eclipse.rcp.id.ini.gtk.linux.aarch64,(null)
toolingorg.eclipse.rcp.id.ini.gtk.linux.ppc64le,(null)
toolingorg.eclipse.rcp.id.ini.gtk.linux.x86_64,(null)
toolingorg.eclipse.rcp.id.ini.win32.win32.x86_64,(null)
toolingorg.eclipse.rcp.sdk.id.application,(null)
toolingorg.eclipse.rcp.sdk.id.configuration,(null)
toolingorg.eclipse.rcp.sdk.id.executable.cocoa.macosx.aarch64,(null)
toolingorg.eclipse.rcp.sdk.id.executable.cocoa.macosx.x86_64,(null)
toolingorg.eclipse.rcp.sdk.id.executable.gtk.linux.aarch64,(null)
toolingorg.eclipse.rcp.sdk.id.executable.gtk.linux.ppc64le,(null)
toolingorg.eclipse.rcp.sdk.id.executable.gtk.linux.x86_64,(null)
toolingorg.eclipse.rcp.sdk.id.executable.win32.win32.x86_64,(null)
toolingorg.eclipse.rcp.sdk.id.ini.cocoa.macosx.aarch64,(null)
toolingorg.eclipse.rcp.sdk.id.ini.cocoa.macosx.x86_64,(null)
toolingorg.eclipse.rcp.sdk.id.ini.gtk.linux.aarch64,(null)
toolingorg.eclipse.rcp.sdk.id.ini.gtk.linux.ppc64le,(null)
toolingorg.eclipse.rcp.sdk.id.ini.gtk.linux.x86_64,(null)
toolingorg.eclipse.rcp.sdk.id.ini.win32.win32.x86_64,(null)
toolingorg.eclipse.sdk.configuration,(null)
toolingorg.eclipse.sdk.configuration.macosx,(null)
toolingorg.eclipse.sdk.ide.application,(null)
toolingorg.eclipse.sdk.ide.config.cocoa.macosx.aarch64,(null)
toolingorg.eclipse.sdk.ide.config.cocoa.macosx.x86_64,(null)
toolingorg.eclipse.sdk.ide.config.gtk.linux.aarch64,(null)
toolingorg.eclipse.sdk.ide.config.gtk.linux.ppc64le,(null)
toolingorg.eclipse.sdk.ide.config.gtk.linux.x86_64,(null)
toolingorg.eclipse.sdk.ide.config.win32.win32.x86_64,(null)
toolingorg.eclipse.sdk.ide.configuration,(null)
toolingorg.eclipse.sdk.ide.executable.cocoa.macosx.aarch64,(null)
toolingorg.eclipse.sdk.ide.executable.cocoa.macosx.x86_64,(null)
toolingorg.eclipse.sdk.ide.executable.gtk.linux.aarch64,(null)
toolingorg.eclipse.sdk.ide.executable.gtk.linux.ppc64le,(null)
toolingorg.eclipse.sdk.ide.executable.gtk.linux.x86_64,(null)
toolingorg.eclipse.sdk.ide.executable.win32.win32.x86_64,(null)
toolingorg.eclipse.sdk.ide.ini.cocoa.macosx.aarch64,(null)
toolingorg.eclipse.sdk.ide.ini.cocoa.macosx.x86_64,(null)
toolingorg.eclipse.sdk.ide.ini.gtk.linux.aarch64,(null)
toolingorg.eclipse.sdk.ide.ini.gtk.linux.ppc64le,(null)
toolingorg.eclipse.sdk.ide.ini.gtk.linux.x86_64,(null)
toolingorg.eclipse.sdk.ide.ini.win32.win32.x86_64,(null)
toolingwin32.win32.x86_64org.apache.felix.scr,(null)
toolingwin32.win32.x86_64org.eclipse.core.runtime,(null)
toolingwin32.win32.x86_64org.eclipse.equinox.common,(null)
toolingwin32.win32.x86_64org.eclipse.equinox.event,(null)
toolingwin32.win32.x86_64org.eclipse.equinox.p2.reconciler.dropins,(null)
toolingwin32.win32.x86_64org.eclipse.equinox.simpleconfigurator,(null)
]


dev.equo.ide.gradle.EquoListTest.swtList=[
+-------------------------------------------------------------------+---------------+
| maven coordinate / p2 id                                          | repo          |
+-------------------------------------------------------------------+---------------+
| org.eclipse.platform:org.eclipse.swt.cocoa.macosx.aarch64:3.122.0 | mavenCentral? |
| org.eclipse.platform:org.eclipse.swt.cocoa.macosx.x86_64:3.122.0  | mavenCentral? |
| org.eclipse.platform:org.eclipse.swt.gtk.linux.aarch64:3.122.0    | mavenCentral? |
| org.eclipse.platform:org.eclipse.swt.gtk.linux.ppc64le:3.122.0    | mavenCentral? |
| org.eclipse.platform:org.eclipse.swt.gtk.linux.x86_64:3.122.0     | mavenCentral? |
| org.eclipse.platform:org.eclipse.swt.win32.win32.x86_64:3.122.0   | mavenCentral? |
| org.eclipse.platform:org.eclipse.swt:3.122.0                      | mavenCentral? |
+-------------------------------------------------------------------+---------------+
]


dev.equo.ide.gradle.EquoListTest.swtListCsv=[
maven coordinate / p2 id,repo
org.eclipse.platform:org.eclipse.swt.cocoa.macosx.aarch64:3.122.0,mavenCentral?
org.eclipse.platform:org.eclipse.swt.cocoa.macosx.x86_64:3.122.0,mavenCentral?
org.eclipse.platform:org.eclipse.swt.gtk.linux.aarch64:3.122.0,mavenCentral?
org.eclipse.platform:org.eclipse.swt.gtk.linux.ppc64le:3.122.0,mavenCentral?
org.eclipse.platform:org.eclipse.swt.gtk.linux.x86_64:3.122.0,mavenCentral?
org.eclipse.platform:org.eclipse.swt.win32.win32.x86_64:3.122.0,mavenCentral?
org.eclipse.platform:org.eclipse.swt:3.122.0,mavenCentral?
]