dev.equo.ide.gradle.EquoIdeTest.help=[
Detailed task information for equoIde

Path
     :equoIde

Type
     EquoIdeTask (dev.equo.ide.gradle.EquoIdeTask)

Options
     --clean     Wipes all IDE settings and state before rebuilding and launching.

     --debug-classpath     Dumps the classpath (in order) without starting the application.
                           Available values are:
                                disabled
                                names
                                paths

     --debug-ide     The IDE will suspend until you attach a debugger.

     --init-only     Initializes the runtime to check for errors then exits.

     --show-console     Adds a visible console to the launched application.

     --use-atomos     Determines whether to use Atomos+Equinox or only Solstice's built-in OSGi shim

     --rerun     Causes the task to be re-run even if up-to-date.

Description
     Launches an Eclipse-based IDE for this project

Group
     IDE
]


dev.equo.ide.gradle.EquoIdeTest.p2repoArgCheck[double-slash]=[
.
> Must end with a single /
    https://somerepo//  <- WRONG
    https://somerepo/   <- CORRECT
]


dev.equo.ide.gradle.EquoIdeTest.p2repoArgCheck[no-slash]=[
.
> Must end with /
    https://somerepo   <- WRONG
    https://somerepo/  <- CORRECT
]


dev.equo.ide.gradle.EquoIdeTest.tasks=[
---------
equoIde - Launches an Eclipse-based IDE for this project
equoList - Lists the p2 dependencies of an Eclipse application
]